# Logfile created on 2026-09-16 14:49:53 +0200 by logger.rb/v1.6.0
2026-09-16 14:49:53 +0200: Memory Usage (400156K) : Starting running SG13G2 Klayout LVS runset on /project/ihp_sg13g2/mpw202609_teg_openpdk/designlib/teg/LNA2609/LNA2609.gds
2026-09-16 14:49:53 +0200: Memory Usage (400156K) : Ruby Version for klayout: 3.3.12
2026-09-16 14:49:53 +0200: Memory Usage (408148K) : Loading database to memory is complete.
2026-09-16 14:49:53 +0200: Memory Usage (408148K) : SG13G2 Klayout LVS runset output at: /project/ihp_sg13g2/mpw202609_teg_openpdk/verification/teg/LNA2609/lvs_result/klayout/LNA2609.lvsdb
2026-09-16 14:49:53 +0200: Memory Usage (408148K) : Evaluate switches.
2026-09-16 14:49:53 +0200: Memory Usage (408148K) : Extracted netlist with net names: true
2026-09-16 14:49:53 +0200: Memory Usage (408148K) : Extracted netlist with comments in details: false
2026-09-16 14:49:53 +0200: Memory Usage (408148K) : Selected NET_ONLY option: false
2026-09-16 14:49:53 +0200: Memory Usage (408148K) : Selected LAYOUT_NETLIST option: (none)
2026-09-16 14:49:53 +0200: Memory Usage (408148K) : Selected IGNORE_TOP_PORTS_MISMATCH option: 
2026-09-16 14:49:53 +0200: Memory Usage (408148K) : Selected IMPLICIT_NETS option: (none)
2026-09-16 14:49:53 +0200: Memory Usage (408148K) : Selected TOP_LVL_PINS option: false
2026-09-16 14:49:53 +0200: Memory Usage (408148K) : Selected COMBINE DEVICES option: false
2026-09-16 14:49:53 +0200: Memory Usage (408148K) : Selected PURGE option: false
2026-09-16 14:49:53 +0200: Memory Usage (408148K) : Selected PURGE_NETS option: false
2026-09-16 14:49:53 +0200: Memory Usage (408148K) : Selected SIMPLIFY option: true
2026-09-16 14:49:53 +0200: Memory Usage (408148K) : Selected SERIES_RES option: true
2026-09-16 14:49:53 +0200: Memory Usage (408148K) : Selected PARALLEL_RES option: true
2026-09-16 14:49:53 +0200: Memory Usage (408148K) : Selected DISABLE_TAP_EXTRACTION option: false
2026-09-16 14:49:53 +0200: Memory Usage (408148K) : deep  mode is enabled.
2026-09-16 14:49:53 +0200: Memory Usage (408660K) : Netlist file: /project/ihp_sg13g2/mpw202609_teg_openpdk/designlib/teg/LNA2609/LNA2609.spice
2026-09-16 14:49:53 +0200: Memory Usage (408660K) : LVS extracted netlist at: /project/ihp_sg13g2/mpw202609_teg_openpdk/verification/teg/LNA2609/lvs_result/klayout/LNA2609_extracted.cir
2026-09-16 14:49:53 +0200: Memory Usage (408660K) : Applying SRAM integration support.
2026-09-16 14:49:53 +0200: Memory Usage (408660K) : Starting SG13G2 LVS runset
2026-09-16 14:49:53 +0200: Memory Usage (408660K) : Read in polygons from layers.
2026-09-16 14:49:53 +0200: Memory Usage (410196K) : activ_drw has 529 polygons
2026-09-16 14:49:53 +0200: Memory Usage (410196K) : activ_filler has 55042 polygons
2026-09-16 14:49:53 +0200: Memory Usage (410196K) : activ has 55571 polygons
2026-09-16 14:49:53 +0200: Memory Usage (410196K) : activ_pin has 0 polygons
2026-09-16 14:49:53 +0200: Memory Usage (410452K) : activ_mask has 313 polygons
2026-09-16 14:49:53 +0200: Memory Usage (410452K) : activ_nofill has 16 polygons
2026-09-16 14:49:53 +0200: Memory Usage (410452K) : activ_OPC has 0 polygons
2026-09-16 14:49:53 +0200: Memory Usage (410708K) : activ_iOPC has 0 polygons
2026-09-16 14:49:53 +0200: Memory Usage (410708K) : activ_noqrc has 0 polygons
2026-09-16 14:49:53 +0200: Memory Usage (410708K) : biwind_drw has 0 polygons
2026-09-16 14:49:53 +0200: Memory Usage (410964K) : biwind_OPC has 0 polygons
2026-09-16 14:49:53 +0200: Memory Usage (410964K) : gatpoly_drw has 8 polygons
2026-09-16 14:49:53 +0200: Memory Usage (410964K) : gatpoly_filler has 110084 polygons
2026-09-16 14:49:53 +0200: Memory Usage (410964K) : gatpoly has 110092 polygons
2026-09-16 14:49:53 +0200: Memory Usage (411220K) : gatpoly_pin has 0 polygons
2026-09-16 14:49:53 +0200: Memory Usage (411220K) : gatpoly_nofill has 16 polygons
2026-09-16 14:49:53 +0200: Memory Usage (411220K) : gatpoly_OPC has 0 polygons
2026-09-16 14:49:53 +0200: Memory Usage (411476K) : gatpoly_iOPC has 0 polygons
2026-09-16 14:49:53 +0200: Memory Usage (411476K) : gatpoly_noqrc has 0 polygons
2026-09-16 14:49:53 +0200: Memory Usage (411476K) : cont_drw has 11554 polygons
2026-09-16 14:49:53 +0200: Memory Usage (411732K) : cont_OPC has 0 polygons
2026-09-16 14:49:53 +0200: Memory Usage (411988K) : nsd_drw has 0 polygons
2026-09-16 14:49:53 +0200: Memory Usage (411988K) : nsd_block has 141 polygons
2026-09-16 14:49:53 +0200: Memory Usage (411988K) : metal1_drw has 1107 polygons
2026-09-16 14:49:53 +0200: Memory Usage (412244K) : metal1_filler has 65969 polygons
2026-09-16 14:49:53 +0200: Memory Usage (412244K) : metal1_slit has 2970 polygons
2026-09-16 14:49:53 +0200: Memory Usage (437868K) : metal1 has 69013 polygons
2026-09-16 14:49:53 +0200: Memory Usage (438124K) : metal1_pin has 28 polygons
2026-09-16 14:49:53 +0200: Memory Usage (438124K) : metal1_mask has 0 polygons
2026-09-16 14:49:53 +0200: Memory Usage (438380K) : metal1_nofill has 16 polygons
2026-09-16 14:49:53 +0200: Memory Usage (438380K) : metal1_text has 0 polygons
2026-09-16 14:49:53 +0200: Memory Usage (438380K) : metal1_OPC has 0 polygons
2026-09-16 14:49:53 +0200: Memory Usage (438380K) : metal1_noqrc has 0 polygons
2026-09-16 14:49:53 +0200: Memory Usage (438636K) : metal1_res has 0 polygons
2026-09-16 14:49:53 +0200: Memory Usage (438636K) : metal1_iprobe has 0 polygons
2026-09-16 14:49:53 +0200: Memory Usage (438636K) : metal1_diffprb has 0 polygons
2026-09-16 14:49:53 +0200: Memory Usage (438892K) : passiv_drw has 164 polygons
2026-09-16 14:49:53 +0200: Memory Usage (438892K) : passiv_pin has 0 polygons
2026-09-16 14:49:53 +0200: Memory Usage (438892K) : passiv_sbump has 0 polygons
2026-09-16 14:49:53 +0200: Memory Usage (438892K) : passiv_pillar has 0 polygons
2026-09-16 14:49:53 +0200: Memory Usage (438892K) : passiv_pdl has 0 polygons
2026-09-16 14:49:53 +0200: Memory Usage (438892K) : metal2_drw has 462 polygons
2026-09-16 14:49:53 +0200: Memory Usage (438892K) : metal2_filler has 119763 polygons
2026-09-16 14:49:53 +0200: Memory Usage (438892K) : metal2_slit has 2720 polygons
2026-09-16 14:49:53 +0200: Memory Usage (451692K) : metal2 has 122019 polygons
2026-09-16 14:49:53 +0200: Memory Usage (451692K) : metal2_pin has 12 polygons
2026-09-16 14:49:53 +0200: Memory Usage (451692K) : metal2_mask has 0 polygons
2026-09-16 14:49:53 +0200: Memory Usage (451692K) : metal2_nofill has 16 polygons
2026-09-16 14:49:53 +0200: Memory Usage (451692K) : metal2_text has 44 polygons
2026-09-16 14:49:53 +0200: Memory Usage (451692K) : metal2_OPC has 0 polygons
2026-09-16 14:49:53 +0200: Memory Usage (451692K) : metal2_noqrc has 0 polygons
2026-09-16 14:49:53 +0200: Memory Usage (451692K) : metal2_res has 0 polygons
2026-09-16 14:49:53 +0200: Memory Usage (451692K) : metal2_iprobe has 0 polygons
2026-09-16 14:49:53 +0200: Memory Usage (451692K) : metal2_diffprb has 0 polygons
2026-09-16 14:49:53 +0200: Memory Usage (451692K) : baspoly_drw has 0 polygons
2026-09-16 14:49:53 +0200: Memory Usage (451692K) : baspoly_pin has 0 polygons
2026-09-16 14:49:53 +0200: Memory Usage (451692K) : psd_drw has 136 polygons
2026-09-16 14:49:53 +0200: Memory Usage (451692K) : nldb_drw has 0 polygons
2026-09-16 14:49:53 +0200: Memory Usage (451692K) : digibnd_drw has 0 polygons
2026-09-16 14:49:53 +0200: Memory Usage (451692K) : via1_drw has 215839 polygons
2026-09-16 14:49:53 +0200: Memory Usage (451692K) : backmetal1_drw has 0 polygons
2026-09-16 14:49:53 +0200: Memory Usage (451692K) : backmetal1_pin has 0 polygons
2026-09-16 14:49:53 +0200: Memory Usage (451692K) : backmetal1_mask has 0 polygons
2026-09-16 14:49:53 +0200: Memory Usage (451692K) : backmetal1_filler has 0 polygons
2026-09-16 14:49:53 +0200: Memory Usage (451692K) : backmetal1_nofill has 0 polygons
2026-09-16 14:49:53 +0200: Memory Usage (451692K) : backmetal1_slit has 0 polygons
2026-09-16 14:49:53 +0200: Memory Usage (451692K) : backmetal1_text has 0 polygons
2026-09-16 14:49:53 +0200: Memory Usage (451692K) : backmetal1_OPC has 0 polygons
2026-09-16 14:49:53 +0200: Memory Usage (451692K) : backmetal1_noqrc has 0 polygons
2026-09-16 14:49:53 +0200: Memory Usage (451948K) : backmetal1_res has 0 polygons
2026-09-16 14:49:53 +0200: Memory Usage (451948K) : backmetal1_iprobe has 0 polygons
2026-09-16 14:49:53 +0200: Memory Usage (451948K) : backmetal1_diffprb has 0 polygons
2026-09-16 14:49:53 +0200: Memory Usage (452204K) : backpassiv_drw has 0 polygons
2026-09-16 14:49:53 +0200: Memory Usage (452204K) : res_drw has 0 polygons
2026-09-16 14:49:53 +0200: Memory Usage (452204K) : sram_drw has 0 polygons
2026-09-16 14:49:53 +0200: Memory Usage (452204K) : trans_drw has 12 polygons
2026-09-16 14:49:53 +0200: Memory Usage (452460K) : ind_drw has 0 polygons
2026-09-16 14:49:53 +0200: Memory Usage (452460K) : ind_pin has 0 polygons
2026-09-16 14:49:53 +0200: Memory Usage (452460K) : ind_text has 0 polygons
2026-09-16 14:49:53 +0200: Memory Usage (452460K) : salblock_drw has 2 polygons
2026-09-16 14:49:53 +0200: Memory Usage (453740K) : via2_drw has 211745 polygons
2026-09-16 14:49:53 +0200: Memory Usage (453996K) : metal3_drw has 340 polygons
2026-09-16 14:49:53 +0200: Memory Usage (453996K) : metal3_filler has 119763 polygons
2026-09-16 14:49:53 +0200: Memory Usage (454252K) : metal3_slit has 2720 polygons
2026-09-16 14:49:54 +0200: Memory Usage (454252K) : metal3 has 121897 polygons
2026-09-16 14:49:54 +0200: Memory Usage (454252K) : metal3_pin has 0 polygons
2026-09-16 14:49:54 +0200: Memory Usage (454508K) : metal3_mask has 0 polygons
2026-09-16 14:49:54 +0200: Memory Usage (454508K) : metal3_nofill has 16 polygons
2026-09-16 14:49:54 +0200: Memory Usage (454508K) : metal3_text has 0 polygons
2026-09-16 14:49:54 +0200: Memory Usage (454508K) : metal3_OPC has 0 polygons
2026-09-16 14:49:54 +0200: Memory Usage (454508K) : metal3_noqrc has 0 polygons
2026-09-16 14:49:54 +0200: Memory Usage (454764K) : metal3_res has 0 polygons
2026-09-16 14:49:54 +0200: Memory Usage (454764K) : metal3_iprobe has 0 polygons
2026-09-16 14:49:54 +0200: Memory Usage (454764K) : metal3_diffprb has 0 polygons
2026-09-16 14:49:54 +0200: Memory Usage (454764K) : nwell_drw has 0 polygons
2026-09-16 14:49:54 +0200: Memory Usage (455020K) : nwell_pin has 0 polygons
2026-09-16 14:49:54 +0200: Memory Usage (455020K) : nwell_text has 0 polygons
2026-09-16 14:49:54 +0200: Memory Usage (455020K) : nbulay_drw has 0 polygons
2026-09-16 14:49:54 +0200: Memory Usage (455020K) : nbulay_pin has 0 polygons
2026-09-16 14:49:54 +0200: Memory Usage (455276K) : nbulay_block has 0 polygons
2026-09-16 14:49:54 +0200: Memory Usage (455276K) : emwind_drw has 191 polygons
2026-09-16 14:49:54 +0200: Memory Usage (455276K) : emwind_OPC has 0 polygons
2026-09-16 14:49:54 +0200: Memory Usage (455532K) : deepco_drw has 0 polygons
2026-09-16 14:49:54 +0200: Memory Usage (455532K) : mim_drw has 0 polygons
2026-09-16 14:49:54 +0200: Memory Usage (455532K) : edgeseal_drw has 68 polygons
2026-09-16 14:49:54 +0200: Memory Usage (455532K) : substrate_drw has 0 polygons
2026-09-16 14:49:54 +0200: Memory Usage (455788K) : substrate_text has 0 polygons
2026-09-16 14:49:54 +0200: Memory Usage (455788K) : dfpad_drw has 96 polygons
2026-09-16 14:49:54 +0200: Memory Usage (455788K) : dfpad_pillar has 0 polygons
2026-09-16 14:49:54 +0200: Memory Usage (456044K) : dfpad_sbump has 0 polygons
2026-09-16 14:49:54 +0200: Memory Usage (456044K) : thickgateox_drw has 0 polygons
2026-09-16 14:49:54 +0200: Memory Usage (456044K) : pldb_drw has 0 polygons
2026-09-16 14:49:54 +0200: Memory Usage (456044K) : pwell_drw has 0 polygons
2026-09-16 14:49:54 +0200: Memory Usage (456300K) : pwell_pin has 0 polygons
2026-09-16 14:49:54 +0200: Memory Usage (456300K) : pwell_block has 0 polygons
2026-09-16 14:49:54 +0200: Memory Usage (456300K) : ic_drw has 0 polygons
2026-09-16 14:49:54 +0200: Memory Usage (457580K) : via3_drw has 218145 polygons
2026-09-16 14:49:54 +0200: Memory Usage (457836K) : metal4_drw has 340 polygons
2026-09-16 14:49:54 +0200: Memory Usage (457836K) : metal4_filler has 119763 polygons
2026-09-16 14:49:54 +0200: Memory Usage (458092K) : metal4_slit has 2720 polygons
2026-09-16 14:49:54 +0200: Memory Usage (458092K) : metal4 has 121897 polygons
2026-09-16 14:49:54 +0200: Memory Usage (458092K) : metal4_pin has 0 polygons
2026-09-16 14:49:54 +0200: Memory Usage (458092K) : metal4_mask has 0 polygons
2026-09-16 14:49:54 +0200: Memory Usage (458092K) : metal4_nofill has 16 polygons
2026-09-16 14:49:54 +0200: Memory Usage (458092K) : metal4_text has 0 polygons
2026-09-16 14:49:54 +0200: Memory Usage (458092K) : metal4_OPC has 0 polygons
2026-09-16 14:49:54 +0200: Memory Usage (458092K) : metal4_noqrc has 0 polygons
2026-09-16 14:49:54 +0200: Memory Usage (458092K) : metal4_res has 0 polygons
2026-09-16 14:49:54 +0200: Memory Usage (458092K) : metal4_iprobe has 0 polygons
2026-09-16 14:49:54 +0200: Memory Usage (458092K) : metal4_diffprb has 0 polygons
2026-09-16 14:49:54 +0200: Memory Usage (458092K) : heattrans_drw has 227 polygons
2026-09-16 14:49:54 +0200: Memory Usage (458092K) : heatres_drw has 2 polygons
2026-09-16 14:49:54 +0200: Memory Usage (458092K) : fbe_drw has 0 polygons
2026-09-16 14:49:54 +0200: Memory Usage (458092K) : empoly_drw has 0 polygons
2026-09-16 14:49:54 +0200: Memory Usage (458092K) : digisub_drw has 0 polygons
2026-09-16 14:49:54 +0200: Memory Usage (458092K) : text_drw has 132 polygons
2026-09-16 14:49:54 +0200: Memory Usage (458092K) : via4_drw has 211745 polygons
2026-09-16 14:49:54 +0200: Memory Usage (458092K) : metal5_drw has 340 polygons
2026-09-16 14:49:54 +0200: Memory Usage (458092K) : metal5_filler has 119763 polygons
2026-09-16 14:49:54 +0200: Memory Usage (458092K) : metal5_slit has 2720 polygons
2026-09-16 14:49:54 +0200: Memory Usage (458092K) : metal5 has 121897 polygons
2026-09-16 14:49:54 +0200: Memory Usage (458092K) : metal5_pin has 0 polygons
2026-09-16 14:49:54 +0200: Memory Usage (458092K) : metal5_mask has 0 polygons
2026-09-16 14:49:54 +0200: Memory Usage (458092K) : metal5_nofill has 16 polygons
2026-09-16 14:49:54 +0200: Memory Usage (458092K) : metal5_text has 0 polygons
2026-09-16 14:49:54 +0200: Memory Usage (458092K) : metal5_OPC has 0 polygons
2026-09-16 14:49:54 +0200: Memory Usage (458092K) : metal5_noqrc has 0 polygons
2026-09-16 14:49:54 +0200: Memory Usage (458092K) : metal5_res has 0 polygons
2026-09-16 14:49:54 +0200: Memory Usage (458092K) : metal5_iprobe has 0 polygons
2026-09-16 14:49:54 +0200: Memory Usage (458092K) : metal5_diffprb has 0 polygons
2026-09-16 14:49:54 +0200: Memory Usage (458092K) : radhard_drw has 0 polygons
2026-09-16 14:49:54 +0200: Memory Usage (458092K) : memcap_drw has 0 polygons
2026-09-16 14:49:54 +0200: Memory Usage (458092K) : varicap_drw has 0 polygons
2026-09-16 14:49:54 +0200: Memory Usage (458092K) : intbondvia_drw has 0 polygons
2026-09-16 14:49:54 +0200: Memory Usage (458092K) : intbondmet_drw has 0 polygons
2026-09-16 14:49:54 +0200: Memory Usage (458092K) : devbondvia_drw has 0 polygons
2026-09-16 14:49:54 +0200: Memory Usage (458092K) : devbondmet_drw has 0 polygons
2026-09-16 14:49:54 +0200: Memory Usage (458092K) : devtrench_drw has 0 polygons
2026-09-16 14:49:54 +0200: Memory Usage (458092K) : redist_drw has 0 polygons
2026-09-16 14:49:54 +0200: Memory Usage (458092K) : graphbot_drw has 0 polygons
2026-09-16 14:49:54 +0200: Memory Usage (458092K) : graphtop_drw has 0 polygons
2026-09-16 14:49:54 +0200: Memory Usage (458092K) : antvia1_drw has 0 polygons
2026-09-16 14:49:54 +0200: Memory Usage (458092K) : antmetal2_drw has 0 polygons
2026-09-16 14:49:54 +0200: Memory Usage (458092K) : graphcont_drw has 0 polygons
2026-09-16 14:49:54 +0200: Memory Usage (458092K) : siwg_drw has 0 polygons
2026-09-16 14:49:54 +0200: Memory Usage (458092K) : siwg_filler has 0 polygons
2026-09-16 14:49:54 +0200: Memory Usage (458092K) : siwg_nofill has 0 polygons
2026-09-16 14:49:54 +0200: Memory Usage (458092K) : sigrating_drw has 0 polygons
2026-09-16 14:49:54 +0200: Memory Usage (458092K) : singrating_drw has 0 polygons
2026-09-16 14:49:54 +0200: Memory Usage (458092K) : graphpas_drw has 0 polygons
2026-09-16 14:49:54 +0200: Memory Usage (458092K) : emwind3_drw has 0 polygons
2026-09-16 14:49:54 +0200: Memory Usage (458348K) : emwihv3_drw has 0 polygons
2026-09-16 14:49:54 +0200: Memory Usage (458348K) : redbulay_drw has 0 polygons
2026-09-16 14:49:54 +0200: Memory Usage (458348K) : smos_drw has 0 polygons
2026-09-16 14:49:54 +0200: Memory Usage (458348K) : graphpad_drw has 0 polygons
2026-09-16 14:49:54 +0200: Memory Usage (458348K) : polimide_drw has 0 polygons
2026-09-16 14:49:54 +0200: Memory Usage (458348K) : polimide_pin has 0 polygons
2026-09-16 14:49:54 +0200: Memory Usage (458348K) : recog_drw has 0 polygons
2026-09-16 14:49:54 +0200: Memory Usage (458348K) : recog_pin has 0 polygons
2026-09-16 14:49:54 +0200: Memory Usage (458348K) : recog_esd has 0 polygons
2026-09-16 14:49:54 +0200: Memory Usage (458348K) : recog_diode has 0 polygons
2026-09-16 14:49:54 +0200: Memory Usage (458348K) : recog_tsv has 0 polygons
2026-09-16 14:49:54 +0200: Memory Usage (458348K) : recog_iprobe has 0 polygons
2026-09-16 14:49:54 +0200: Memory Usage (458604K) : recog_diffprb has 0 polygons
2026-09-16 14:49:54 +0200: Memory Usage (458604K) : recog_pillar has 0 polygons
2026-09-16 14:49:54 +0200: Memory Usage (458604K) : recog_sbump has 0 polygons
2026-09-16 14:49:54 +0200: Memory Usage (458604K) : recog_otp has 0 polygons
2026-09-16 14:49:54 +0200: Memory Usage (458860K) : recog_pdiode has 0 polygons
2026-09-16 14:49:54 +0200: Memory Usage (458860K) : recog_mom has 0 polygons
2026-09-16 14:49:54 +0200: Memory Usage (458860K) : recog_momf has 0 polygons
2026-09-16 14:49:54 +0200: Memory Usage (458860K) : recog_pcm has 0 polygons
2026-09-16 14:49:54 +0200: Memory Usage (459116K) : colopen_drw has 0 polygons
2026-09-16 14:49:54 +0200: Memory Usage (459116K) : graphmetal1_drw has 0 polygons
2026-09-16 14:49:54 +0200: Memory Usage (459116K) : graphmetal1_filler has 0 polygons
2026-09-16 14:49:54 +0200: Memory Usage (459372K) : graphmetal1_nofill has 0 polygons
2026-09-16 14:49:54 +0200: Memory Usage (459372K) : graphmetal1_slit has 0 polygons
2026-09-16 14:49:54 +0200: Memory Usage (459372K) : graphmetal1_OPC has 0 polygons
2026-09-16 14:49:54 +0200: Memory Usage (459372K) : graphmet1l_drw has 0 polygons
2026-09-16 14:49:54 +0200: Memory Usage (459628K) : graphmet1l_filler has 0 polygons
2026-09-16 14:49:54 +0200: Memory Usage (459628K) : graphmet1l_nofill has 0 polygons
2026-09-16 14:49:54 +0200: Memory Usage (459628K) : graphmet1l_slit has 0 polygons
2026-09-16 14:49:54 +0200: Memory Usage (459884K) : graphmet1l_OPC has 0 polygons
2026-09-16 14:49:54 +0200: Memory Usage (459884K) : extblock_drw has 6 polygons
2026-09-16 14:49:54 +0200: Memory Usage (459884K) : nldd_drw has 0 polygons
2026-09-16 14:49:54 +0200: Memory Usage (459884K) : pldd_drw has 0 polygons
2026-09-16 14:49:54 +0200: Memory Usage (460140K) : next_drw has 0 polygons
2026-09-16 14:49:54 +0200: Memory Usage (460140K) : pext_drw has 0 polygons
2026-09-16 14:49:54 +0200: Memory Usage (460140K) : nexthv_drw has 0 polygons
2026-09-16 14:49:54 +0200: Memory Usage (460396K) : pexthv_drw has 0 polygons
2026-09-16 14:49:54 +0200: Memory Usage (460396K) : graphgate_drw has 0 polygons
2026-09-16 14:49:54 +0200: Memory Usage (460396K) : sinwg_drw has 0 polygons
2026-09-16 14:49:54 +0200: Memory Usage (460396K) : sinwg_filler has 0 polygons
2026-09-16 14:49:54 +0200: Memory Usage (460652K) : sinwg_nofill has 0 polygons
2026-09-16 14:49:54 +0200: Memory Usage (460652K) : mempad_drw has 0 polygons
2026-09-16 14:49:54 +0200: Memory Usage (460652K) : topvia1_drw has 72384 polygons
2026-09-16 14:49:54 +0200: Memory Usage (461164K) : topmetal1_drw has 324 polygons
2026-09-16 14:49:54 +0200: Memory Usage (461164K) : topmetal1_filler has 0 polygons
2026-09-16 14:49:54 +0200: Memory Usage (461164K) : topmetal1_slit has 2720 polygons
2026-09-16 14:49:54 +0200: Memory Usage (461420K) : topmetal1 has 2118 polygons
2026-09-16 14:49:54 +0200: Memory Usage (461420K) : topmetal1_pin has 0 polygons
2026-09-16 14:49:54 +0200: Memory Usage (461420K) : topmetal1_mask has 0 polygons
2026-09-16 14:49:54 +0200: Memory Usage (461676K) : topmetal1_nofill has 16 polygons
2026-09-16 14:49:54 +0200: Memory Usage (461676K) : topmetal1_text has 0 polygons
2026-09-16 14:49:54 +0200: Memory Usage (461676K) : topmetal1_noqrc has 0 polygons
2026-09-16 14:49:54 +0200: Memory Usage (461932K) : topmetal1_res has 0 polygons
2026-09-16 14:49:54 +0200: Memory Usage (461932K) : topmetal1_iprobe has 0 polygons
2026-09-16 14:49:54 +0200: Memory Usage (461932K) : topmetal1_diffprb has 0 polygons
2026-09-16 14:49:54 +0200: Memory Usage (461932K) : inldpwl_drw has 0 polygons
2026-09-16 14:49:54 +0200: Memory Usage (461932K) : polyres_drw has 2 polygons
2026-09-16 14:49:54 +0200: Memory Usage (461932K) : polyres_pin has 0 polygons
2026-09-16 14:49:54 +0200: Memory Usage (461932K) : vmim_drw has 0 polygons
2026-09-16 14:49:54 +0200: Memory Usage (461932K) : nbulaycut_drw has 0 polygons
2026-09-16 14:49:54 +0200: Memory Usage (461932K) : antmetal1_drw has 0 polygons
2026-09-16 14:49:54 +0200: Memory Usage (461932K) : topvia2_drw has 18976 polygons
2026-09-16 14:49:54 +0200: Memory Usage (461932K) : topmetal2_drw has 808 polygons
2026-09-16 14:49:54 +0200: Memory Usage (461932K) : topmetal2_filler has 0 polygons
2026-09-16 14:49:54 +0200: Memory Usage (461932K) : topmetal2_slit has 2720 polygons
2026-09-16 14:49:55 +0200: Memory Usage (461932K) : topmetal2 has 2602 polygons
2026-09-16 14:49:55 +0200: Memory Usage (461932K) : topmetal2_pin has 0 polygons
2026-09-16 14:49:55 +0200: Memory Usage (461932K) : topmetal2_mask has 0 polygons
2026-09-16 14:49:55 +0200: Memory Usage (461932K) : topmetal2_nofill has 16 polygons
2026-09-16 14:49:55 +0200: Memory Usage (461932K) : topmetal2_text has 288 polygons
2026-09-16 14:49:55 +0200: Memory Usage (461932K) : topmetal2_noqrc has 0 polygons
2026-09-16 14:49:55 +0200: Memory Usage (461932K) : topmetal2_res has 32 polygons
2026-09-16 14:49:55 +0200: Memory Usage (461932K) : topmetal2_iprobe has 0 polygons
2026-09-16 14:49:55 +0200: Memory Usage (461932K) : topmetal2_diffprb has 0 polygons
2026-09-16 14:49:55 +0200: Memory Usage (461932K) : snsring_drw has 0 polygons
2026-09-16 14:49:55 +0200: Memory Usage (461932K) : sensor_drw has 0 polygons
2026-09-16 14:49:55 +0200: Memory Usage (461932K) : snsarms_drw has 0 polygons
2026-09-16 14:49:55 +0200: Memory Usage (461932K) : snscmosvia_drw has 0 polygons
2026-09-16 14:49:55 +0200: Memory Usage (461932K) : colwind_drw has 0 polygons
2026-09-16 14:49:55 +0200: Memory Usage (461932K) : flm_drw has 0 polygons
2026-09-16 14:49:55 +0200: Memory Usage (461932K) : hafniumox_drw has 0 polygons
2026-09-16 14:49:55 +0200: Memory Usage (461932K) : memvia_drw has 0 polygons
2026-09-16 14:49:55 +0200: Memory Usage (461932K) : thinfilmres_drw has 0 polygons
2026-09-16 14:49:55 +0200: Memory Usage (461932K) : rfmem_drw has 0 polygons
2026-09-16 14:49:55 +0200: Memory Usage (461932K) : norcx_drw has 0 polygons
2026-09-16 14:49:55 +0200: Memory Usage (461932K) : norcx_m2m3 has 0 polygons
2026-09-16 14:49:55 +0200: Memory Usage (461932K) : norcx_m2m4 has 0 polygons
2026-09-16 14:49:55 +0200: Memory Usage (461932K) : norcx_m2m5 has 0 polygons
2026-09-16 14:49:55 +0200: Memory Usage (461932K) : norcx_m2tm1 has 0 polygons
2026-09-16 14:49:55 +0200: Memory Usage (461932K) : norcx_m2tm2 has 0 polygons
2026-09-16 14:49:55 +0200: Memory Usage (461932K) : norcx_m3m4 has 0 polygons
2026-09-16 14:49:55 +0200: Memory Usage (461932K) : norcx_m3m5 has 0 polygons
2026-09-16 14:49:55 +0200: Memory Usage (461932K) : norcx_m3tm1 has 0 polygons
2026-09-16 14:49:55 +0200: Memory Usage (461932K) : norcx_m3tm2 has 0 polygons
2026-09-16 14:49:55 +0200: Memory Usage (461932K) : norcx_m4m5 has 0 polygons
2026-09-16 14:49:55 +0200: Memory Usage (461932K) : norcx_m4tm1 has 0 polygons
2026-09-16 14:49:55 +0200: Memory Usage (461932K) : norcx_m4tm2 has 0 polygons
2026-09-16 14:49:55 +0200: Memory Usage (461932K) : norcx_m5tm1 has 0 polygons
2026-09-16 14:49:55 +0200: Memory Usage (461932K) : norcx_m5tm2 has 0 polygons
2026-09-16 14:49:55 +0200: Memory Usage (461932K) : norcx_tm1tm2 has 0 polygons
2026-09-16 14:49:55 +0200: Memory Usage (461932K) : norcx_m1sub has 0 polygons
2026-09-16 14:49:55 +0200: Memory Usage (461932K) : norcx_m2sub has 0 polygons
2026-09-16 14:49:55 +0200: Memory Usage (461932K) : norcx_m3sub has 0 polygons
2026-09-16 14:49:55 +0200: Memory Usage (461932K) : norcx_m4sub has 0 polygons
2026-09-16 14:49:55 +0200: Memory Usage (461932K) : norcx_m5sub has 0 polygons
2026-09-16 14:49:55 +0200: Memory Usage (461932K) : norcx_tm1sub has 0 polygons
2026-09-16 14:49:55 +0200: Memory Usage (461932K) : norcx_tm2sub has 0 polygons
2026-09-16 14:49:55 +0200: Memory Usage (461932K) : snsbotvia_drw has 0 polygons
2026-09-16 14:49:55 +0200: Memory Usage (461932K) : snstopvia_drw has 0 polygons
2026-09-16 14:49:55 +0200: Memory Usage (461932K) : deepvia_drw has 0 polygons
2026-09-16 14:49:55 +0200: Memory Usage (461932K) : fgetch_drw has 0 polygons
2026-09-16 14:49:55 +0200: Memory Usage (461932K) : ctrgat_drw has 0 polygons
2026-09-16 14:49:55 +0200: Memory Usage (461932K) : fgimp_drw has 0 polygons
2026-09-16 14:49:55 +0200: Memory Usage (461932K) : emwihv_drw has 36 polygons
2026-09-16 14:49:55 +0200: Memory Usage (461932K) : lbe_drw has 0 polygons
2026-09-16 14:49:55 +0200: Memory Usage (461932K) : alcustop_drw has 0 polygons
2026-09-16 14:49:55 +0200: Memory Usage (461932K) : nometfiller_drw has 0 polygons
2026-09-16 14:49:55 +0200: Memory Usage (461932K) : prboundary_drw has 0 polygons
2026-09-16 14:49:55 +0200: Memory Usage (461932K) : exchange0_drw has 0 polygons
2026-09-16 14:49:55 +0200: Memory Usage (461932K) : exchange0_pin has 0 polygons
2026-09-16 14:49:55 +0200: Memory Usage (461932K) : exchange0_text has 0 polygons
2026-09-16 14:49:55 +0200: Memory Usage (461932K) : exchange1_drw has 0 polygons
2026-09-16 14:49:55 +0200: Memory Usage (461932K) : exchange1_pin has 0 polygons
2026-09-16 14:49:55 +0200: Memory Usage (461932K) : exchange1_text has 0 polygons
2026-09-16 14:49:55 +0200: Memory Usage (461932K) : exchange2_drw has 0 polygons
2026-09-16 14:49:55 +0200: Memory Usage (461932K) : exchange2_pin has 0 polygons
2026-09-16 14:49:55 +0200: Memory Usage (461932K) : exchange2_text has 0 polygons
2026-09-16 14:49:55 +0200: Memory Usage (461932K) : exchange3_drw has 0 polygons
2026-09-16 14:49:55 +0200: Memory Usage (461932K) : exchange3_pin has 0 polygons
2026-09-16 14:49:55 +0200: Memory Usage (461932K) : exchange3_text has 0 polygons
2026-09-16 14:49:55 +0200: Memory Usage (461932K) : exchange4_drw has 0 polygons
2026-09-16 14:49:55 +0200: Memory Usage (461932K) : exchange4_pin has 0 polygons
2026-09-16 14:49:55 +0200: Memory Usage (461932K) : exchange4_text has 0 polygons
2026-09-16 14:49:55 +0200: Memory Usage (461932K) : isonwell_drw has 0 polygons
2026-09-16 14:49:55 +0200: Memory Usage (461932K) : Total no. of polygons in the design is 1696159
2026-09-16 14:49:55 +0200: Memory Usage (461932K) : Starting base layers derivations
2026-09-16 14:49:55 +0200: Memory Usage (461932K) : Starting general LVS derivations
2026-09-16 14:49:56 +0200: Memory Usage (463212K) : Starting MOSFET DERIVATIONS
2026-09-16 14:49:57 +0200: Memory Usage (464236K) : Starting NMOS DERIVATIONS
2026-09-16 14:49:57 +0200: Memory Usage (464236K) : Starting PMOS DERIVATIONS
2026-09-16 14:49:57 +0200: Memory Usage (464236K) : Starting RF-MOSFET DERIVATIONS
2026-09-16 14:49:57 +0200: Memory Usage (464236K) : Starting RF-NMOS DERIVATIONS
2026-09-16 14:49:57 +0200: Memory Usage (464236K) : Starting RF-PMOS DERIVATIONS
2026-09-16 14:49:57 +0200: Memory Usage (464236K) : Starting BJT DERIVATIONS
2026-09-16 14:49:57 +0200: Memory Usage (464236K) : Starting NPN-BJT DERIVATIONS
2026-09-16 14:49:58 +0200: Memory Usage (464236K) : Starting PNP-BJT DERIVATIONS
2026-09-16 14:49:58 +0200: Memory Usage (464236K) : Starting DIODE DERIVATIONS
2026-09-16 14:49:59 +0200: Memory Usage (464748K) : Starting RESISTOR DERIVATIONS
2026-09-16 14:49:59 +0200: Memory Usage (467820K) : Starting CAP DERIVATIONS
2026-09-16 14:50:00 +0200: Memory Usage (470124K) : Starting CAP_CMOM DERIVATIONS
2026-09-16 14:50:00 +0200: Memory Usage (470124K) : Starting CAP_CMOMF DERIVATIONS
2026-09-16 14:50:00 +0200: Memory Usage (470124K) : Starting ESD DERIVATIONS
2026-09-16 14:50:12 +0200: Memory Usage (462368K) : Starting Inductor DERIVATIONS
2026-09-16 14:50:12 +0200: Memory Usage (462368K) : Starting Taps DERIVATIONS
2026-09-16 14:50:12 +0200: Memory Usage (463392K) : Starting SG13G2 LVS connectivity setup
2026-09-16 14:50:12 +0200: Memory Usage (463392K) : Starting SG13G2 LVS connectivity setup (Inter-layer)
2026-09-16 14:50:12 +0200: Memory Usage (463648K) : Starting SG13G2 LVS connectivity setup (Global)
2026-09-16 14:50:12 +0200: Memory Usage (463648K) : Starting LVS MOSFET CONNECTIONS
2026-09-16 14:50:12 +0200: Memory Usage (463648K) : Starting LVS RF-MOSFET CONNECTIONS
2026-09-16 14:50:12 +0200: Memory Usage (463648K) : Starting LVS BJT CONNECTIONS
2026-09-16 14:50:12 +0200: Memory Usage (463648K) : Starting LVS DIODE CONNECTIONS
2026-09-16 14:50:12 +0200: Memory Usage (463648K) : Starting RESISTOR CONNECTIONS
2026-09-16 14:50:12 +0200: Memory Usage (463648K) : Starting LVS CAP CONNECTIONS
2026-09-16 14:50:12 +0200: Memory Usage (463648K) : Starting CAP_CMOM CONNECTIONS
2026-09-16 14:50:12 +0200: Memory Usage (463648K) : Starting CAP_CMOMF CONNECTIONS
2026-09-16 14:50:12 +0200: Memory Usage (463648K) : Starting ESD CONNECTIONS
2026-09-16 14:50:12 +0200: Memory Usage (463648K) : Starting Inductor CONNECTIONS
2026-09-16 14:50:12 +0200: Memory Usage (463648K) : Starting LVS Taps CONNECTIONS
2026-09-16 14:50:12 +0200: Memory Usage (463648K) : Starting SG13G2 LVS DEVICES EXTRACTION
2026-09-16 14:50:12 +0200: Memory Usage (463648K) : Starting MOSFET EXTRACTION
2026-09-16 14:50:12 +0200: Memory Usage (463648K) : Starting NMOS EXTRACTION
2026-09-16 14:50:12 +0200: Memory Usage (463648K) : Extraction of NMOS-LV transistor
2026-09-16 14:50:12 +0200: Memory Usage (463904K) : Extraction of NMOS-HV transistor
2026-09-16 14:50:12 +0200: Memory Usage (464160K) : Starting PMOS EXTRACTION
2026-09-16 14:50:12 +0200: Memory Usage (464160K) : Extraction of PMOS-LV transistor
2026-09-16 14:50:12 +0200: Memory Usage (464416K) : Extraction of PMOS-HV transistor
2026-09-16 14:50:12 +0200: Memory Usage (464416K) : Starting RF-MOSFET EXTRACTION
2026-09-16 14:50:12 +0200: Memory Usage (464416K) : Extraction of RF-NMOS-LV transistor
2026-09-16 14:50:12 +0200: Memory Usage (464416K) : Extraction of RF-NMOS-HV transistor
2026-09-16 14:50:12 +0200: Memory Usage (464672K) : Extraction of RF-PMOS-LV transistor
2026-09-16 14:50:12 +0200: Memory Usage (464672K) : Extraction of RF-PMOS-HV transistor
2026-09-16 14:50:12 +0200: Memory Usage (464672K) : Starting BJT EXTRACTION
2026-09-16 14:50:12 +0200: Memory Usage (464672K) : Starting NPN-BJT EXTRACTION
2026-09-16 14:50:12 +0200: Memory Usage (464672K) : Extraction of npn13G2 BJT transistor
2026-09-16 14:50:12 +0200: Memory Usage (464928K) : Extraction of npn13G2L BJT transistor
2026-09-16 14:50:12 +0200: Memory Usage (465440K) : Extraction of npn13G2V BJT transistor
2026-09-16 14:50:13 +0200: Memory Usage (465952K) : Starting PNP-BJT EXTRACTION
2026-09-16 14:50:13 +0200: Memory Usage (465952K) : Extracting pnpMPA BJT
2026-09-16 14:50:13 +0200: Memory Usage (466464K) : Starting DIODE EXTRACTION
2026-09-16 14:50:13 +0200: Memory Usage (466464K) : Extracting dantenna diode
2026-09-16 14:50:13 +0200: Memory Usage (466464K) : Extracting dpantenna diode
2026-09-16 14:50:13 +0200: Memory Usage (466464K) : Extracting schottky_nbl1 diode
2026-09-16 14:50:13 +0200: Memory Usage (466464K) : Extracting isolbox diode
2026-09-16 14:50:13 +0200: Memory Usage (466464K) : Starting RESISTOR EXTRACTION
2026-09-16 14:50:13 +0200: Memory Usage (466464K) : Extracting rsil resistor
2026-09-16 14:50:13 +0200: Memory Usage (466464K) : Extracting rppd resistor
2026-09-16 14:50:13 +0200: Memory Usage (466464K) : Extracting rhigh resistor
2026-09-16 14:50:13 +0200: Memory Usage (466464K) : Extracting res_metal1 resistor
2026-09-16 14:50:13 +0200: Memory Usage (466464K) : Extracting res_metal2 resistor
2026-09-16 14:50:13 +0200: Memory Usage (466464K) : Extracting res_metal3 resistor
2026-09-16 14:50:13 +0200: Memory Usage (466464K) : Extracting res_metal4 resistor
2026-09-16 14:50:13 +0200: Memory Usage (466464K) : Extracting res_metal5 resistor
2026-09-16 14:50:13 +0200: Memory Usage (466464K) : Extracting res_topmetal1 resistor
2026-09-16 14:50:13 +0200: Memory Usage (466464K) : Extracting res_topmetal2 resistor
2026-09-16 14:50:13 +0200: Memory Usage (466464K) : Starting CAP EXTRACTION
2026-09-16 14:50:13 +0200: Memory Usage (466464K) : Extracting cap_cmim device
2026-09-16 14:50:13 +0200: Memory Usage (466464K) : Extracting rfcmim device
2026-09-16 14:50:13 +0200: Memory Usage (466464K) : Extracting sg13_hv_svaricap varactor
2026-09-16 14:50:13 +0200: Memory Usage (466464K) : Extracting cap_cmomi device
2026-09-16 14:50:13 +0200: Memory Usage (466464K) : Extracting cap_cmomf device
2026-09-16 14:50:13 +0200: Memory Usage (466464K) : Extracting sg13_moscap_n capacitor
2026-09-16 14:50:13 +0200: Memory Usage (466464K) : Extracting sg13_moscap_p capacitor
2026-09-16 14:50:13 +0200: Memory Usage (466464K) : Starting ESD EXTRACTION
2026-09-16 14:50:13 +0200: Memory Usage (466464K) : Extracting diodevdd_2kv ESD device
2026-09-16 14:50:13 +0200: Memory Usage (466464K) : Extracting diodevdd_4kv ESD device
2026-09-16 14:50:13 +0200: Memory Usage (466464K) : Extracting diodevss_2kv ESD device
2026-09-16 14:50:13 +0200: Memory Usage (466464K) : Extracting diodevss_4kv ESD device
2026-09-16 14:50:13 +0200: Memory Usage (466464K) : Extracting idiodevdd_2kv ESD device
2026-09-16 14:50:13 +0200: Memory Usage (466464K) : Extracting idiodevdd_4kv ESD device
2026-09-16 14:50:13 +0200: Memory Usage (466464K) : Extracting idiodevss_2kv ESD device
2026-09-16 14:50:13 +0200: Memory Usage (466464K) : Extracting idiodevss_4kv ESD device
2026-09-16 14:50:13 +0200: Memory Usage (466464K) : Extracting nmoscl_2 ESD device
2026-09-16 14:50:13 +0200: Memory Usage (466464K) : Extracting nmoscl_4 ESD device
2026-09-16 14:50:13 +0200: Memory Usage (466464K) : Starting Inductor EXTRACTION
2026-09-16 14:50:13 +0200: Memory Usage (466464K) : Extracting Inductor2 device
2026-09-16 14:50:13 +0200: Memory Usage (466464K) : Extracting Inductor3 device
2026-09-16 14:50:13 +0200: Memory Usage (466464K) : Starting Taps EXTRACTION
2026-09-16 14:50:13 +0200: Memory Usage (466464K) : Extracting ntap1 device
2026-09-16 14:50:13 +0200: Memory Usage (466464K) : Extracting ptap1 device
2026-09-16 14:50:13 +0200: Memory Usage (466464K) : Starting SG13G2 LVS RF MOS Model Mapping
2026-09-16 14:50:37 +0200: Memory Usage (975904K) : [layout_netlist] Apply RF MOS model mapping and rfmode parameter.
2026-09-16 14:50:37 +0200: Memory Usage (975904K) : Starting SG13G2 LVS Options Preparations
2026-09-16 14:50:37 +0200: Memory Usage (975904K) : SG13G2 LVS flow: extraction -> alignment -> option preparation -> comparison.
2026-09-16 14:50:37 +0200: Memory Usage (975904K) : Starting SG13G2 LVS Alignment
2026-09-16 14:50:39 +0200: Memory Usage (976204K) : Starting SG13G2 LVS Simplification
2026-09-16 14:50:39 +0200: Memory Usage (976204K) : [layout_netlist] simplify: ENABLED
2026-09-16 14:50:39 +0200: Memory Usage (976204K) : [layout_netlist] make_top_level_pins: SKIPPED
2026-09-16 14:50:39 +0200: Memory Usage (976204K) : [layout_netlist] combine_devices: SKIPPED
2026-09-16 14:50:39 +0200: Memory Usage (976204K) : [layout_netlist] purge: SKIPPED
2026-09-16 14:50:39 +0200: Memory Usage (976204K) : [layout_netlist] purge_nets: SKIPPED
2026-09-16 14:50:39 +0200: Memory Usage (976204K) : [layout_netlist] purge_devices: SKIPPED
2026-09-16 14:50:39 +0200: Memory Usage (976204K) : [schematic_netlist] simplify: ENABLED
2026-09-16 14:50:39 +0200: Memory Usage (976204K) : [schematic_netlist] make_top_level_pins: SKIPPED
2026-09-16 14:50:39 +0200: Memory Usage (976204K) : [schematic_netlist] combine_devices: SKIPPED
2026-09-16 14:50:39 +0200: Memory Usage (976204K) : [schematic_netlist] purge: SKIPPED
2026-09-16 14:50:39 +0200: Memory Usage (976204K) : [schematic_netlist] purge_nets: SKIPPED
2026-09-16 14:50:39 +0200: Memory Usage (976204K) : [schematic_netlist] purge_devices: SKIPPED
2026-09-16 14:50:39 +0200: Memory Usage (976204K) : Starting SG13G2 LVS Comparison in strict port mode.
2026-09-16 14:50:39 +0200: Memory Usage (976204K) : flag_missing_ports enabled: missing/mislabeled top-level ports are treated as errors.
2026-09-16 14:50:39 +0200: Memory Usage (976204K) : ==========================================
2026-09-16 14:50:39 +0200: Memory Usage (976204K) : INFO : Congratulations! Netlists match.
2026-09-16 14:50:39 +0200: Memory Usage (976204K) : ==========================================
2026-09-16 14:50:39 +0200: Memory Usage (976204K) : LVS Total Run time 46.308351 seconds
