# Logfile created on 2026-09-16 14:52:05 +0200 by logger.rb/v1.6.0
2026-09-16 14:52:05 +0200: Memory Usage (398420K) : Starting running IHP-SG13G2 Klayout DRC Density runset on /project/ihp_sg13g2/mpw202609_teg_openpdk/designlib/teg/LNA2609/LNA2609.gds
2026-09-16 14:52:05 +0200: Memory Usage (398420K) : Ruby Version for klayout: 3.3.12
2026-09-16 14:52:05 +0200: Memory Usage (407440K) : Loading database to memory is complete.
2026-09-16 14:52:05 +0200: Memory Usage (407440K) : IHP-SG13G2 Klayout DRC Density runset output at: /project/ihp_sg13g2/mpw202609_teg_openpdk/verification/teg/LNA2609/drc_result/klayout/LNA2609_LNA2609_density.lyrdb
2026-09-16 14:52:05 +0200: Memory Usage (407440K) : Evaluate switches.
2026-09-16 14:52:05 +0200: Memory Usage (407440K) : Configured KLayout worker thread(s): 32.
2026-09-16 14:52:05 +0200: Memory Usage (407440K) : Deep mode enabled: reading layers and preparing general derivations.
2026-09-16 14:52:05 +0200: Memory Usage (407440K) : PreCheck DRC enabled: true
2026-09-16 14:52:05 +0200: Memory Usage (407440K) : Density sanity checks enabled: false
2026-09-16 14:52:05 +0200: Memory Usage (407440K) : Read in polygons from layers.
2026-09-16 14:52:05 +0200: Memory Usage (408464K) : activ_drw has 529 polygons
2026-09-16 14:52:05 +0200: Memory Usage (408464K) : activ_mask has 313 polygons
2026-09-16 14:52:05 +0200: Memory Usage (408464K) : activ_filler has 55042 polygons
2026-09-16 14:52:05 +0200: Memory Usage (408464K) : gatpoly_drw has 8 polygons
2026-09-16 14:52:05 +0200: Memory Usage (408720K) : gatpoly_filler has 110084 polygons
2026-09-16 14:52:05 +0200: Memory Usage (408720K) : metal1_drw has 1107 polygons
2026-09-16 14:52:05 +0200: Memory Usage (408720K) : metal1_filler has 65969 polygons
2026-09-16 14:52:05 +0200: Memory Usage (408720K) : metal1_slit has 2970 polygons
2026-09-16 14:52:05 +0200: Memory Usage (408976K) : metal2_drw has 462 polygons
2026-09-16 14:52:05 +0200: Memory Usage (408976K) : metal2_filler has 119763 polygons
2026-09-16 14:52:05 +0200: Memory Usage (408976K) : metal2_slit has 2720 polygons
2026-09-16 14:52:05 +0200: Memory Usage (409232K) : metal3_drw has 340 polygons
2026-09-16 14:52:05 +0200: Memory Usage (409232K) : metal3_filler has 119763 polygons
2026-09-16 14:52:05 +0200: Memory Usage (409232K) : metal3_slit has 2720 polygons
2026-09-16 14:52:05 +0200: Memory Usage (409232K) : metal4_drw has 340 polygons
2026-09-16 14:52:05 +0200: Memory Usage (409488K) : metal4_filler has 119763 polygons
2026-09-16 14:52:05 +0200: Memory Usage (409488K) : metal4_slit has 2720 polygons
2026-09-16 14:52:05 +0200: Memory Usage (409488K) : metal5_drw has 340 polygons
2026-09-16 14:52:05 +0200: Memory Usage (409488K) : metal5_filler has 119763 polygons
2026-09-16 14:52:05 +0200: Memory Usage (409488K) : metal5_slit has 2720 polygons
2026-09-16 14:52:05 +0200: Memory Usage (409744K) : topmetal1_drw has 324 polygons
2026-09-16 14:52:05 +0200: Memory Usage (409744K) : topmetal1_filler has 0 polygons
2026-09-16 14:52:05 +0200: Memory Usage (409744K) : topmetal1_slit has 2720 polygons
2026-09-16 14:52:05 +0200: Memory Usage (410000K) : topmetal2_drw has 808 polygons
2026-09-16 14:52:05 +0200: Memory Usage (410000K) : topmetal2_filler has 0 polygons
2026-09-16 14:52:05 +0200: Memory Usage (410000K) : topmetal2_slit has 2720 polygons
2026-09-16 14:52:05 +0200: Memory Usage (410000K) : lbe_drw has 0 polygons
2026-09-16 14:52:05 +0200: Memory Usage (410256K) : prboundary_drw has 0 polygons
2026-09-16 14:52:05 +0200: Memory Usage (410256K) : edgeseal_bound has 17 polygons
2026-09-16 14:52:05 +0200: Memory Usage (410256K) : Loaded TECH DRC rules values from /opt/open_pdk/ihp/IHP-Open-PDK/ihp-sg13g2/libs.tech/klayout/python/sg13g2_pycell_lib/sg13g2_tech_mod.json
2026-09-16 14:52:05 +0200: Memory Usage (410256K) : Loaded default DRC rules values from /opt/open_pdk/ihp/IHP-Open-PDK/ihp-sg13g2/libs.tech/klayout/tech/drc/rule_decks/sg13g2_tech_default.json
2026-09-16 14:52:05 +0200: Memory Usage (410256K) : The following rules values were missing in tech json and default values were used:
2026-09-16 14:52:05 +0200: Memory Usage (410256K) :   - NW_f1_digibnd
2026-09-16 14:52:05 +0200: Memory Usage (410256K) :   - Cnt_c_digibnd
2026-09-16 14:52:05 +0200: Memory Usage (410256K) :   - Cnt_c_sram
2026-09-16 14:52:05 +0200: Memory Usage (410256K) :   - Sdiod_b
2026-09-16 14:52:05 +0200: Memory Usage (410256K) :   - Sdiod_c
2026-09-16 14:52:05 +0200: Memory Usage (411536K) : Density sanity markers are disabled (set -rd density_sanity=true to enable).
2026-09-16 14:52:05 +0200: Memory Usage (411536K) : Using EdgeSeal.boundary (39/4) for chip area: 2999424.0 um^2.
2026-09-16 14:52:05 +0200: Memory Usage (411792K) : Using bbox (-76.4,-76.4;1635.6,1675.6) for density window origin.
2026-09-16 14:52:05 +0200: Memory Usage (412048K) : Total area of the design is 2999424.0 um^2.
2026-09-16 14:52:05 +0200: Memory Usage (412048K) : Starting density IHP-SG13G2 derivations.
2026-09-16 14:52:07 +0200: Memory Usage (415768K) : Starting IHP-SG13G2 DENSITY DRC rules.
2026-09-16 14:52:07 +0200: Memory Usage (415768K) : Computing activ area and density...
2026-09-16 14:52:07 +0200: Memory Usage (415768K) : Executing rule AFil.g
2026-09-16 14:52:07 +0200: Memory Usage (415768K) : Executing rule AFil.g1
2026-09-16 14:52:07 +0200: Memory Usage (415768K) : Executing rule AFil.g2
2026-09-16 14:52:07 +0200: Memory Usage (458772K) : Executing rule AFil.g3
2026-09-16 14:52:08 +0200: Memory Usage (476692K) : Computing poly area and density...
2026-09-16 14:52:08 +0200: Memory Usage (476692K) : Executing rule GFil.g
2026-09-16 14:52:08 +0200: Memory Usage (476692K) : Computing metal1 area and density...
2026-09-16 14:52:08 +0200: Memory Usage (476692K) : Executing rule M1.j
2026-09-16 14:52:08 +0200: Memory Usage (476692K) : Executing rule M1.k
2026-09-16 14:52:08 +0200: Memory Usage (476692K) : Computing metal2 area and density...
2026-09-16 14:52:09 +0200: Memory Usage (476692K) : Computing metal3 area and density...
2026-09-16 14:52:09 +0200: Memory Usage (476692K) : Computing metal4 area and density...
2026-09-16 14:52:09 +0200: Memory Usage (476692K) : Computing metal5 area and density...
2026-09-16 14:52:09 +0200: Memory Usage (476692K) : Executing rule M2.j
2026-09-16 14:52:09 +0200: Memory Usage (476692K) : Executing rule M2.k
2026-09-16 14:52:09 +0200: Memory Usage (476692K) : Executing rule M3.j
2026-09-16 14:52:09 +0200: Memory Usage (476692K) : Executing rule M3.k
2026-09-16 14:52:09 +0200: Memory Usage (476692K) : Executing rule M4.j
2026-09-16 14:52:09 +0200: Memory Usage (476692K) : Executing rule M4.k
2026-09-16 14:52:09 +0200: Memory Usage (476692K) : Executing rule M5.j
2026-09-16 14:52:09 +0200: Memory Usage (476692K) : Executing rule M5.k
2026-09-16 14:52:09 +0200: Memory Usage (476692K) : Executing rule M1Fil.h
2026-09-16 14:52:10 +0200: Memory Usage (500496K) : Executing rule M1Fil.k
2026-09-16 14:52:11 +0200: Memory Usage (510224K) : Executing rule M2Fil.h
2026-09-16 14:52:12 +0200: Memory Usage (563980K) : Executing rule M2Fil.k
2026-09-16 14:52:13 +0200: Memory Usage (590088K) : Executing rule M3Fil.h
2026-09-16 14:52:15 +0200: Memory Usage (600580K) : Executing rule M3Fil.k
2026-09-16 14:52:16 +0200: Memory Usage (612352K) : Executing rule M4Fil.h
2026-09-16 14:52:17 +0200: Memory Usage (623360K) : Executing rule M4Fil.k
2026-09-16 14:52:18 +0200: Memory Usage (627968K) : Executing rule M5Fil.h
2026-09-16 14:52:20 +0200: Memory Usage (631544K) : Executing rule M5Fil.k
2026-09-16 14:52:21 +0200: Memory Usage (632308K) : Computing TopMetal1 area and density...
2026-09-16 14:52:21 +0200: Memory Usage (632308K) : Executing rule TM1.c
2026-09-16 14:52:21 +0200: Memory Usage (632308K) : Executing rule TM1.d
2026-09-16 14:52:21 +0200: Memory Usage (632308K) : Computing TopMetal2 area and density...
2026-09-16 14:52:21 +0200: Memory Usage (632308K) : Executing rule TM2.c
2026-09-16 14:52:21 +0200: Memory Usage (632308K) : Executing rule TM2.d
2026-09-16 14:52:21 +0200: Memory Usage (632308K) : Computing LBE area and density...
2026-09-16 14:52:21 +0200: Memory Usage (632308K) : Executing rule LBE.i
2026-09-16 14:52:21 +0200: Memory Usage (632308K) : ##################################################
2026-09-16 14:52:21 +0200: Memory Usage (632308K) :                  Density Report                 #
2026-09-16 14:52:21 +0200: Memory Usage (632308K) : ##################################################
2026-09-16 14:52:21 +0200: Memory Usage (632308K) : 
2026-09-16 14:52:21 +0200: Memory Usage (632308K) : Layer areas and percentages (units: um^2)
2026-09-16 14:52:21 +0200: Memory Usage (632308K) : --------------------------------------------------
2026-09-16 14:52:21 +0200: Memory Usage (632308K) : 
2026-09-16 14:52:21 +0200: Memory Usage (632308K) : Total Area     = 2999424.00 um^2
2026-09-16 14:52:21 +0200: Memory Usage (632308K) : 
2026-09-16 14:52:21 +0200: Memory Usage (632308K) : Activ      Area      = 1223793.64 µm²
2026-09-16 14:52:21 +0200: Memory Usage (632308K) : Activ      Density % = 40.80%  [Min = 35.00%,  Max = 55.00%]
2026-09-16 14:52:21 +0200: Memory Usage (632308K) : 
2026-09-16 14:52:21 +0200: Memory Usage (632308K) : GatPoly    Area      = 516470.78 µm²
2026-09-16 14:52:21 +0200: Memory Usage (632308K) : GatPoly    Density % = 17.22%  [Min = 15.00%]
2026-09-16 14:52:21 +0200: Memory Usage (632308K) : 
2026-09-16 14:52:21 +0200: Memory Usage (632308K) : Metal1     Area      = 1287254.97 µm²
2026-09-16 14:52:21 +0200: Memory Usage (632308K) : Metal1     Density % = 42.92%  [Min = 35.00%,  Max = 60.00%]
2026-09-16 14:52:21 +0200: Memory Usage (632308K) : 
2026-09-16 14:52:21 +0200: Memory Usage (632308K) : Metal2     Area      = 1326357.15 µm²
2026-09-16 14:52:21 +0200: Memory Usage (632308K) : Metal2     Density % = 44.22%  [Min = 35.00%,  Max = 60.00%]
2026-09-16 14:52:21 +0200: Memory Usage (632308K) : 
2026-09-16 14:52:21 +0200: Memory Usage (632308K) : Metal3     Area      = 1325324.27 µm²
2026-09-16 14:52:21 +0200: Memory Usage (632308K) : Metal3     Density % = 44.19%  [Min = 35.00%,  Max = 60.00%]
2026-09-16 14:52:21 +0200: Memory Usage (632308K) : 
2026-09-16 14:52:21 +0200: Memory Usage (632308K) : Metal4     Area      = 1325324.27 µm²
2026-09-16 14:52:21 +0200: Memory Usage (632308K) : Metal4     Density % = 44.19%  [Min = 35.00%,  Max = 60.00%]
2026-09-16 14:52:21 +0200: Memory Usage (632308K) : 
2026-09-16 14:52:21 +0200: Memory Usage (632308K) : Metal5     Area      = 1325324.27 µm²
2026-09-16 14:52:21 +0200: Memory Usage (632308K) : Metal5     Density % = 44.19%  [Min = 35.00%,  Max = 60.00%]
2026-09-16 14:52:21 +0200: Memory Usage (632308K) : 
2026-09-16 14:52:21 +0200: Memory Usage (632308K) : TopMetal1  Area      = 844314.18 µm²
2026-09-16 14:52:21 +0200: Memory Usage (632308K) : TopMetal1  Density % = 28.15%  [Min = 25.00%,  Max = 70.00%]
2026-09-16 14:52:21 +0200: Memory Usage (632308K) : 
2026-09-16 14:52:21 +0200: Memory Usage (632308K) : TopMetal2  Area      = 1004532.93 µm²
2026-09-16 14:52:21 +0200: Memory Usage (632308K) : TopMetal2  Density % = 33.49%  [Min = 25.00%,  Max = 70.00%]
2026-09-16 14:52:21 +0200: Memory Usage (632308K) : 
2026-09-16 14:52:21 +0200: Memory Usage (632308K) : LBE        Area      =  0.00 µm²
2026-09-16 14:52:21 +0200: Memory Usage (632308K) : LBE        Density % =  0.00%  [Max = 20.00%]
2026-09-16 14:52:21 +0200: Memory Usage (632308K) : 
2026-09-16 14:52:21 +0200: Memory Usage (632308K) : KLayout DRC run for density table completed in 15.75 seconds
