# Logfile created on 2026-09-16 14:51:08 +0200 by logger.rb/v1.6.0
2026-09-16 14:51:08 +0200: Memory Usage (400020K) : Starting running IHP-SG13G2 KLayout DRC runset on /project/ihp_sg13g2/mpw202609_teg_openpdk/designlib/teg/LNA2609/LNA2609.gds
2026-09-16 14:51:08 +0200: Memory Usage (400020K) : Ruby Version for klayout: 3.3.12
2026-09-16 14:51:08 +0200: Memory Usage (408016K) : Loading database to memory is complete.
2026-09-16 14:51:08 +0200: Memory Usage (408016K) : IHP-SG13G2 KLayout DRC runset output at: /project/ihp_sg13g2/mpw202609_teg_openpdk/verification/teg/LNA2609/drc_result/klayout/LNA2609_LNA2609_main.lyrdb
2026-09-16 14:51:08 +0200: Memory Usage (408016K) : Evaluate switches.
2026-09-16 14:51:08 +0200: Memory Usage (408016K) : tables selected: main
2026-09-16 14:51:08 +0200: Memory Usage (408016K) : KLayout will use 32 thread(s) in tiling mode.
2026-09-16 14:51:08 +0200: Memory Usage (408016K) : deep mode is enabled.
2026-09-16 14:51:08 +0200: Memory Usage (408016K) : FEOL enabled: true
2026-09-16 14:51:08 +0200: Memory Usage (408016K) : BEOL enabled: true
2026-09-16 14:51:08 +0200: Memory Usage (408016K) : OFFGRID enabled: true
2026-09-16 14:51:08 +0200: Memory Usage (408016K) : ANGLE enabled: true
2026-09-16 14:51:08 +0200: Memory Usage (408016K) : PIN enabled: true
2026-09-16 14:51:08 +0200: Memory Usage (408016K) : FORBIDDEN enabled: true
2026-09-16 14:51:08 +0200: Memory Usage (408016K) : RECOMMENDED enabled: true
2026-09-16 14:51:08 +0200: Memory Usage (408016K) : PreCheck DRC enabled: true
2026-09-16 14:51:08 +0200: Memory Usage (408016K) : CONNECTIVITY_RULES enabled: true.
2026-09-16 14:51:08 +0200: Memory Usage (408016K) : Read in polygons from layers.
2026-09-16 14:51:08 +0200: Memory Usage (409040K) : activ_drw has 529 polygons
2026-09-16 14:51:08 +0200: Memory Usage (409296K) : activ_pin has 0 polygons
2026-09-16 14:51:08 +0200: Memory Usage (409296K) : activ_mask has 313 polygons
2026-09-16 14:51:08 +0200: Memory Usage (409296K) : activ_filler has 55042 polygons
2026-09-16 14:51:08 +0200: Memory Usage (409296K) : activ_nofill has 16 polygons
2026-09-16 14:51:08 +0200: Memory Usage (409296K) : activ_opc has 0 polygons
2026-09-16 14:51:08 +0200: Memory Usage (409296K) : activ_iopc has 0 polygons
2026-09-16 14:51:08 +0200: Memory Usage (409552K) : activ_noqrc has 0 polygons
2026-09-16 14:51:08 +0200: Memory Usage (409552K) : biwind_drw has 0 polygons
2026-09-16 14:51:08 +0200: Memory Usage (409552K) : biwind_opc has 0 polygons
2026-09-16 14:51:08 +0200: Memory Usage (409552K) : pemwind_drw has 0 polygons
2026-09-16 14:51:08 +0200: Memory Usage (409552K) : gatpoly_drw has 8 polygons
2026-09-16 14:51:08 +0200: Memory Usage (409808K) : gatpoly_pin has 0 polygons
2026-09-16 14:51:08 +0200: Memory Usage (409808K) : gatpoly_filler has 110084 polygons
2026-09-16 14:51:08 +0200: Memory Usage (409808K) : gatpoly_nofill has 16 polygons
2026-09-16 14:51:08 +0200: Memory Usage (409808K) : gatpoly_opc has 0 polygons
2026-09-16 14:51:08 +0200: Memory Usage (410064K) : gatpoly_iopc has 0 polygons
2026-09-16 14:51:08 +0200: Memory Usage (410064K) : gatpoly_noqrc has 0 polygons
2026-09-16 14:51:08 +0200: Memory Usage (410320K) : cont_drw has 11554 polygons
2026-09-16 14:51:08 +0200: Memory Usage (410320K) : cont_opc has 0 polygons
2026-09-16 14:51:08 +0200: Memory Usage (410576K) : nsd_drw has 0 polygons
2026-09-16 14:51:08 +0200: Memory Usage (410576K) : nsd_block has 141 polygons
2026-09-16 14:51:08 +0200: Memory Usage (410576K) : metal1_drw has 1107 polygons
2026-09-16 14:51:08 +0200: Memory Usage (410832K) : metal1_pin has 28 polygons
2026-09-16 14:51:08 +0200: Memory Usage (410832K) : metal1_mask has 0 polygons
2026-09-16 14:51:08 +0200: Memory Usage (410832K) : metal1_filler has 65969 polygons
2026-09-16 14:51:08 +0200: Memory Usage (410832K) : metal1_nofill has 16 polygons
2026-09-16 14:51:08 +0200: Memory Usage (411088K) : metal1_slit has 2970 polygons
2026-09-16 14:51:08 +0200: Memory Usage (411088K) : metal1_text has 0 polygons
2026-09-16 14:51:08 +0200: Memory Usage (411088K) : metal1_opc has 0 polygons
2026-09-16 14:51:08 +0200: Memory Usage (411344K) : metal1_noqrc has 0 polygons
2026-09-16 14:51:08 +0200: Memory Usage (411344K) : metal1_res has 0 polygons
2026-09-16 14:51:08 +0200: Memory Usage (411344K) : metal1_iprobe has 0 polygons
2026-09-16 14:51:08 +0200: Memory Usage (411344K) : metal1_diffprb has 0 polygons
2026-09-16 14:51:08 +0200: Memory Usage (411344K) : passiv_drw has 164 polygons
2026-09-16 14:51:08 +0200: Memory Usage (411600K) : passiv_pin has 0 polygons
2026-09-16 14:51:08 +0200: Memory Usage (411600K) : passiv_sbump has 0 polygons
2026-09-16 14:51:08 +0200: Memory Usage (411600K) : passiv_pillar has 0 polygons
2026-09-16 14:51:08 +0200: Memory Usage (411856K) : passiv_pdl has 0 polygons
2026-09-16 14:51:08 +0200: Memory Usage (411856K) : metal2_drw has 462 polygons
2026-09-16 14:51:08 +0200: Memory Usage (411856K) : metal2_pin has 12 polygons
2026-09-16 14:51:08 +0200: Memory Usage (411856K) : metal2_mask has 0 polygons
2026-09-16 14:51:08 +0200: Memory Usage (412112K) : metal2_filler has 119763 polygons
2026-09-16 14:51:08 +0200: Memory Usage (412112K) : metal2_nofill has 16 polygons
2026-09-16 14:51:08 +0200: Memory Usage (412112K) : metal2_slit has 2720 polygons
2026-09-16 14:51:08 +0200: Memory Usage (412112K) : metal2_text has 44 polygons
2026-09-16 14:51:08 +0200: Memory Usage (412368K) : metal2_opc has 0 polygons
2026-09-16 14:51:08 +0200: Memory Usage (412368K) : metal2_noqrc has 0 polygons
2026-09-16 14:51:08 +0200: Memory Usage (412368K) : metal2_res has 0 polygons
2026-09-16 14:51:08 +0200: Memory Usage (412368K) : metal2_iprobe has 0 polygons
2026-09-16 14:51:08 +0200: Memory Usage (412368K) : metal2_diffprb has 0 polygons
2026-09-16 14:51:08 +0200: Memory Usage (412624K) : baspoly_drw has 0 polygons
2026-09-16 14:51:08 +0200: Memory Usage (412624K) : baspoly_pin has 0 polygons
2026-09-16 14:51:08 +0200: Memory Usage (412624K) : psd_drw has 136 polygons
2026-09-16 14:51:08 +0200: Memory Usage (412624K) : nldb_drw has 0 polygons
2026-09-16 14:51:08 +0200: Memory Usage (412880K) : digibnd_drw has 0 polygons
2026-09-16 14:51:08 +0200: Memory Usage (413904K) : via1_drw has 215839 polygons
2026-09-16 14:51:08 +0200: Memory Usage (414160K) : backmetal1_drw has 0 polygons
2026-09-16 14:51:08 +0200: Memory Usage (414160K) : backmetal1_pin has 0 polygons
2026-09-16 14:51:08 +0200: Memory Usage (414160K) : backmetal1_mask has 0 polygons
2026-09-16 14:51:08 +0200: Memory Usage (414416K) : backmetal1_filler has 0 polygons
2026-09-16 14:51:08 +0200: Memory Usage (414416K) : backmetal1_nofill has 0 polygons
2026-09-16 14:51:08 +0200: Memory Usage (414416K) : backmetal1_slit has 0 polygons
2026-09-16 14:51:08 +0200: Memory Usage (414672K) : backmetal1_text has 0 polygons
2026-09-16 14:51:08 +0200: Memory Usage (414672K) : backmetal1_opc has 0 polygons
2026-09-16 14:51:08 +0200: Memory Usage (414672K) : backmetal1_noqrc has 0 polygons
2026-09-16 14:51:08 +0200: Memory Usage (414672K) : backmetal1_res has 0 polygons
2026-09-16 14:51:08 +0200: Memory Usage (414672K) : backmetal1_iprobe has 0 polygons
2026-09-16 14:51:08 +0200: Memory Usage (414928K) : backmetal1_diffprb has 0 polygons
2026-09-16 14:51:08 +0200: Memory Usage (414928K) : backpassiv_drw has 0 polygons
2026-09-16 14:51:08 +0200: Memory Usage (414928K) : res_drw has 0 polygons
2026-09-16 14:51:08 +0200: Memory Usage (414928K) : sram_drw has 0 polygons
2026-09-16 14:51:08 +0200: Memory Usage (415184K) : trans_drw has 12 polygons
2026-09-16 14:51:08 +0200: Memory Usage (415184K) : ind_drw has 0 polygons
2026-09-16 14:51:08 +0200: Memory Usage (415184K) : ind_pin has 0 polygons
2026-09-16 14:51:08 +0200: Memory Usage (415184K) : ind_text has 0 polygons
2026-09-16 14:51:08 +0200: Memory Usage (415184K) : salblock_drw has 2 polygons
2026-09-16 14:51:08 +0200: Memory Usage (416464K) : via2_drw has 211745 polygons
2026-09-16 14:51:08 +0200: Memory Usage (416720K) : metal3_drw has 340 polygons
2026-09-16 14:51:08 +0200: Memory Usage (416720K) : metal3_pin has 0 polygons
2026-09-16 14:51:08 +0200: Memory Usage (416976K) : metal3_mask has 0 polygons
2026-09-16 14:51:08 +0200: Memory Usage (416976K) : metal3_filler has 119763 polygons
2026-09-16 14:51:08 +0200: Memory Usage (416976K) : metal3_nofill has 16 polygons
2026-09-16 14:51:08 +0200: Memory Usage (416976K) : metal3_slit has 2720 polygons
2026-09-16 14:51:08 +0200: Memory Usage (416976K) : metal3_text has 0 polygons
2026-09-16 14:51:08 +0200: Memory Usage (416976K) : metal3_opc has 0 polygons
2026-09-16 14:51:08 +0200: Memory Usage (416976K) : metal3_noqrc has 0 polygons
2026-09-16 14:51:08 +0200: Memory Usage (416976K) : metal3_res has 0 polygons
2026-09-16 14:51:08 +0200: Memory Usage (416976K) : metal3_iprobe has 0 polygons
2026-09-16 14:51:08 +0200: Memory Usage (416976K) : metal3_diffprb has 0 polygons
2026-09-16 14:51:08 +0200: Memory Usage (416976K) : nwell_drw has 0 polygons
2026-09-16 14:51:08 +0200: Memory Usage (416976K) : nwell_pin has 0 polygons
2026-09-16 14:51:08 +0200: Memory Usage (416976K) : nbulay_drw has 0 polygons
2026-09-16 14:51:08 +0200: Memory Usage (416976K) : nbulay_pin has 0 polygons
2026-09-16 14:51:08 +0200: Memory Usage (416976K) : nbulay_block has 0 polygons
2026-09-16 14:51:08 +0200: Memory Usage (416976K) : emwind_drw has 191 polygons
2026-09-16 14:51:08 +0200: Memory Usage (416976K) : emwind_opc has 0 polygons
2026-09-16 14:51:08 +0200: Memory Usage (416976K) : deepco_drw has 0 polygons
2026-09-16 14:51:08 +0200: Memory Usage (416976K) : deepco_drw has 0 polygons
2026-09-16 14:51:08 +0200: Memory Usage (416976K) : mim_drw has 0 polygons
2026-09-16 14:51:08 +0200: Memory Usage (416976K) : edgeseal_drw has 68 polygons
2026-09-16 14:51:08 +0200: Memory Usage (416976K) : edgeseal_bound has 17 polygons
2026-09-16 14:51:08 +0200: Memory Usage (416976K) : substrate_drw has 0 polygons
2026-09-16 14:51:08 +0200: Memory Usage (416976K) : substrate_text has 0 polygons
2026-09-16 14:51:08 +0200: Memory Usage (416976K) : dfpad_drw has 96 polygons
2026-09-16 14:51:08 +0200: Memory Usage (416976K) : dfpad_pillar has 0 polygons
2026-09-16 14:51:08 +0200: Memory Usage (416976K) : dfpad_sbump has 0 polygons
2026-09-16 14:51:08 +0200: Memory Usage (416976K) : thickgateox_drw has 0 polygons
2026-09-16 14:51:08 +0200: Memory Usage (416976K) : pldb_drw has 0 polygons
2026-09-16 14:51:08 +0200: Memory Usage (416976K) : pwell_drw has 0 polygons
2026-09-16 14:51:08 +0200: Memory Usage (416976K) : pwell_pin has 0 polygons
2026-09-16 14:51:08 +0200: Memory Usage (416976K) : pwell_block has 0 polygons
2026-09-16 14:51:08 +0200: Memory Usage (416976K) : ic_drw has 0 polygons
2026-09-16 14:51:08 +0200: Memory Usage (417232K) : via3_drw has 218145 polygons
2026-09-16 14:51:08 +0200: Memory Usage (417488K) : metal4_drw has 340 polygons
2026-09-16 14:51:08 +0200: Memory Usage (417488K) : metal4_pin has 0 polygons
2026-09-16 14:51:08 +0200: Memory Usage (417488K) : metal4_mask has 0 polygons
2026-09-16 14:51:08 +0200: Memory Usage (417488K) : metal4_filler has 119763 polygons
2026-09-16 14:51:08 +0200: Memory Usage (417488K) : metal4_nofill has 16 polygons
2026-09-16 14:51:08 +0200: Memory Usage (417488K) : metal4_slit has 2720 polygons
2026-09-16 14:51:08 +0200: Memory Usage (417488K) : metal4_text has 0 polygons
2026-09-16 14:51:08 +0200: Memory Usage (417488K) : metal4_opc has 0 polygons
2026-09-16 14:51:08 +0200: Memory Usage (417488K) : metal4_noqrc has 0 polygons
2026-09-16 14:51:08 +0200: Memory Usage (417488K) : metal4_res has 0 polygons
2026-09-16 14:51:08 +0200: Memory Usage (417488K) : metal4_iprobe has 0 polygons
2026-09-16 14:51:08 +0200: Memory Usage (417488K) : metal4_diffprb has 0 polygons
2026-09-16 14:51:08 +0200: Memory Usage (417488K) : heattrans_drw has 227 polygons
2026-09-16 14:51:08 +0200: Memory Usage (417488K) : heatres_drw has 2 polygons
2026-09-16 14:51:08 +0200: Memory Usage (417488K) : pempoly_drw has 0 polygons
2026-09-16 14:51:08 +0200: Memory Usage (417488K) : fbe_drw has 0 polygons
2026-09-16 14:51:08 +0200: Memory Usage (417744K) : empoly_drw has 0 polygons
2026-09-16 14:51:08 +0200: Memory Usage (417744K) : ldmos_drw has 0 polygons
2026-09-16 14:51:08 +0200: Memory Usage (417744K) : pbiwind_drw has 0 polygons
2026-09-16 14:51:08 +0200: Memory Usage (417744K) : digisub_drw has 0 polygons
2026-09-16 14:51:08 +0200: Memory Usage (417744K) : nodrc_drw has 0 polygons
2026-09-16 14:51:08 +0200: Memory Usage (418000K) : text_drw has 132 polygons
2026-09-16 14:51:08 +0200: Memory Usage (419024K) : via4_drw has 211745 polygons
2026-09-16 14:51:08 +0200: Memory Usage (419280K) : metal5_drw has 340 polygons
2026-09-16 14:51:08 +0200: Memory Usage (419280K) : metal5_pin has 0 polygons
2026-09-16 14:51:08 +0200: Memory Usage (419280K) : metal5_mask has 0 polygons
2026-09-16 14:51:08 +0200: Memory Usage (419536K) : metal5_filler has 119763 polygons
2026-09-16 14:51:08 +0200: Memory Usage (419536K) : metal5_nofill has 16 polygons
2026-09-16 14:51:08 +0200: Memory Usage (419536K) : metal5_slit has 2720 polygons
2026-09-16 14:51:08 +0200: Memory Usage (419536K) : metal5_text has 0 polygons
2026-09-16 14:51:08 +0200: Memory Usage (419536K) : metal5_opc has 0 polygons
2026-09-16 14:51:08 +0200: Memory Usage (419792K) : metal5_noqrc has 0 polygons
2026-09-16 14:51:08 +0200: Memory Usage (419792K) : metal5_res has 0 polygons
2026-09-16 14:51:08 +0200: Memory Usage (419792K) : metal5_iprobe has 0 polygons
2026-09-16 14:51:08 +0200: Memory Usage (419792K) : metal5_diffprb has 0 polygons
2026-09-16 14:51:08 +0200: Memory Usage (419792K) : radhard_drw has 0 polygons
2026-09-16 14:51:08 +0200: Memory Usage (420048K) : memcap_drw has 0 polygons
2026-09-16 14:51:08 +0200: Memory Usage (420048K) : varicap_drw has 0 polygons
2026-09-16 14:51:08 +0200: Memory Usage (420048K) : flash_drw has 0 polygons
2026-09-16 14:51:08 +0200: Memory Usage (420048K) : intbondvia_drw has 0 polygons
2026-09-16 14:51:08 +0200: Memory Usage (420304K) : intbondmet_drw has 0 polygons
2026-09-16 14:51:08 +0200: Memory Usage (420304K) : devbondvia_drw has 0 polygons
2026-09-16 14:51:08 +0200: Memory Usage (420304K) : devbondmet_drw has 0 polygons
2026-09-16 14:51:08 +0200: Memory Usage (420304K) : devtrench_drw has 0 polygons
2026-09-16 14:51:08 +0200: Memory Usage (420304K) : redist_drw has 0 polygons
2026-09-16 14:51:08 +0200: Memory Usage (420560K) : graphbot_drw has 0 polygons
2026-09-16 14:51:08 +0200: Memory Usage (420560K) : graphtop_drw has 0 polygons
2026-09-16 14:51:08 +0200: Memory Usage (420560K) : antvia1_drw has 0 polygons
2026-09-16 14:51:08 +0200: Memory Usage (420560K) : antmetal2_drw has 0 polygons
2026-09-16 14:51:08 +0200: Memory Usage (420560K) : graphcont_drw has 0 polygons
2026-09-16 14:51:08 +0200: Memory Usage (420560K) : siwg_drw has 0 polygons
2026-09-16 14:51:08 +0200: Memory Usage (420560K) : siwg_filler has 0 polygons
2026-09-16 14:51:08 +0200: Memory Usage (420560K) : siwg_nofill has 0 polygons
2026-09-16 14:51:08 +0200: Memory Usage (420560K) : sigrating_drw has 0 polygons
2026-09-16 14:51:08 +0200: Memory Usage (420560K) : singrating_drw has 0 polygons
2026-09-16 14:51:08 +0200: Memory Usage (420560K) : graphpas_drw has 0 polygons
2026-09-16 14:51:08 +0200: Memory Usage (420560K) : emwind3_drw has 0 polygons
2026-09-16 14:51:08 +0200: Memory Usage (420560K) : emwihv3_drw has 0 polygons
2026-09-16 14:51:08 +0200: Memory Usage (420560K) : redbulay_drw has 0 polygons
2026-09-16 14:51:08 +0200: Memory Usage (420560K) : smos_drw has 0 polygons
2026-09-16 14:51:08 +0200: Memory Usage (420560K) : graphpad_drw has 0 polygons
2026-09-16 14:51:08 +0200: Memory Usage (420560K) : polimide_drw has 0 polygons
2026-09-16 14:51:08 +0200: Memory Usage (420560K) : polimide_pin has 0 polygons
2026-09-16 14:51:08 +0200: Memory Usage (420560K) : recog_drw has 0 polygons
2026-09-16 14:51:08 +0200: Memory Usage (420560K) : recog_pin has 0 polygons
2026-09-16 14:51:08 +0200: Memory Usage (420560K) : recog_esd has 0 polygons
2026-09-16 14:51:08 +0200: Memory Usage (420560K) : recog_diode has 0 polygons
2026-09-16 14:51:08 +0200: Memory Usage (420560K) : recog_tsv has 0 polygons
2026-09-16 14:51:08 +0200: Memory Usage (420560K) : recog_iprobe has 0 polygons
2026-09-16 14:51:08 +0200: Memory Usage (420560K) : recog_diffprb has 0 polygons
2026-09-16 14:51:08 +0200: Memory Usage (420560K) : recog_pillar has 0 polygons
2026-09-16 14:51:08 +0200: Memory Usage (420560K) : recog_sbump has 0 polygons
2026-09-16 14:51:08 +0200: Memory Usage (420560K) : recog_otp has 0 polygons
2026-09-16 14:51:08 +0200: Memory Usage (420560K) : recog_pdiode has 0 polygons
2026-09-16 14:51:08 +0200: Memory Usage (420560K) : recog_mom has 0 polygons
2026-09-16 14:51:08 +0200: Memory Usage (420560K) : recog_momf has 0 polygons
2026-09-16 14:51:08 +0200: Memory Usage (420560K) : recog_pcm has 0 polygons
2026-09-16 14:51:08 +0200: Memory Usage (420560K) : colopen_drw has 0 polygons
2026-09-16 14:51:08 +0200: Memory Usage (420560K) : graphmetal1_drw has 0 polygons
2026-09-16 14:51:08 +0200: Memory Usage (420560K) : graphmetal1_filler has 0 polygons
2026-09-16 14:51:08 +0200: Memory Usage (420560K) : graphmetal1_nofill has 0 polygons
2026-09-16 14:51:08 +0200: Memory Usage (420560K) : graphmetal1_slit has 0 polygons
2026-09-16 14:51:08 +0200: Memory Usage (420560K) : graphmetal1_opc has 0 polygons
2026-09-16 14:51:08 +0200: Memory Usage (420560K) : graphmet1l_drw has 0 polygons
2026-09-16 14:51:08 +0200: Memory Usage (420560K) : graphmet1l_filler has 0 polygons
2026-09-16 14:51:08 +0200: Memory Usage (420560K) : graphmet1l_nofill has 0 polygons
2026-09-16 14:51:08 +0200: Memory Usage (420560K) : graphmet1l_slit has 0 polygons
2026-09-16 14:51:08 +0200: Memory Usage (420560K) : graphmet1l_opc has 0 polygons
2026-09-16 14:51:08 +0200: Memory Usage (420560K) : extblock_drw has 6 polygons
2026-09-16 14:51:08 +0200: Memory Usage (420560K) : nldd_drw has 0 polygons
2026-09-16 14:51:08 +0200: Memory Usage (420560K) : pldd_drw has 0 polygons
2026-09-16 14:51:08 +0200: Memory Usage (420560K) : next_drw has 0 polygons
2026-09-16 14:51:08 +0200: Memory Usage (420560K) : pext_drw has 0 polygons
2026-09-16 14:51:08 +0200: Memory Usage (420560K) : nexthv_drw has 0 polygons
2026-09-16 14:51:08 +0200: Memory Usage (420560K) : pexthv_drw has 0 polygons
2026-09-16 14:51:08 +0200: Memory Usage (420560K) : graphgate_drw has 0 polygons
2026-09-16 14:51:08 +0200: Memory Usage (420560K) : sinwg_drw has 0 polygons
2026-09-16 14:51:08 +0200: Memory Usage (420560K) : sinwg_filler has 0 polygons
2026-09-16 14:51:08 +0200: Memory Usage (420560K) : sinwg_nofill has 0 polygons
2026-09-16 14:51:08 +0200: Memory Usage (420560K) : mempad_drw has 0 polygons
2026-09-16 14:51:08 +0200: Memory Usage (420560K) : topvia1_drw has 72384 polygons
2026-09-16 14:51:08 +0200: Memory Usage (420560K) : topmetal1_drw has 324 polygons
2026-09-16 14:51:08 +0200: Memory Usage (420560K) : topmetal1_pin has 0 polygons
2026-09-16 14:51:09 +0200: Memory Usage (420560K) : topmetal1_mask has 0 polygons
2026-09-16 14:51:09 +0200: Memory Usage (420560K) : topmetal1_filler has 0 polygons
2026-09-16 14:51:09 +0200: Memory Usage (420560K) : topmetal1_nofill has 16 polygons
2026-09-16 14:51:09 +0200: Memory Usage (420560K) : topmetal1_slit has 2720 polygons
2026-09-16 14:51:09 +0200: Memory Usage (420560K) : topmetal1_text has 0 polygons
2026-09-16 14:51:09 +0200: Memory Usage (420560K) : topmetal1_noqrc has 0 polygons
2026-09-16 14:51:09 +0200: Memory Usage (420560K) : topmetal1_res has 0 polygons
2026-09-16 14:51:09 +0200: Memory Usage (420560K) : topmetal1_iprobe has 0 polygons
2026-09-16 14:51:09 +0200: Memory Usage (420560K) : topmetal1_diffprb has 0 polygons
2026-09-16 14:51:09 +0200: Memory Usage (420560K) : inldpwl_drw has 0 polygons
2026-09-16 14:51:09 +0200: Memory Usage (420560K) : polyres_drw has 2 polygons
2026-09-16 14:51:09 +0200: Memory Usage (420560K) : polyres_pin has 0 polygons
2026-09-16 14:51:09 +0200: Memory Usage (420560K) : vmim_drw has 0 polygons
2026-09-16 14:51:09 +0200: Memory Usage (420560K) : nbulaycut_drw has 0 polygons
2026-09-16 14:51:09 +0200: Memory Usage (420560K) : antmetal1_drw has 0 polygons
2026-09-16 14:51:09 +0200: Memory Usage (420560K) : topvia2_drw has 18976 polygons
2026-09-16 14:51:09 +0200: Memory Usage (420560K) : topmetal2_drw has 808 polygons
2026-09-16 14:51:09 +0200: Memory Usage (420560K) : topmetal2_pin has 0 polygons
2026-09-16 14:51:09 +0200: Memory Usage (420560K) : topmetal2_mask has 0 polygons
2026-09-16 14:51:09 +0200: Memory Usage (420560K) : topmetal2_filler has 0 polygons
2026-09-16 14:51:09 +0200: Memory Usage (420560K) : topmetal2_nofill has 16 polygons
2026-09-16 14:51:09 +0200: Memory Usage (420560K) : topmetal2_slit has 2720 polygons
2026-09-16 14:51:09 +0200: Memory Usage (420560K) : topmetal2_text has 288 polygons
2026-09-16 14:51:09 +0200: Memory Usage (420560K) : topmetal2_noqrc has 0 polygons
2026-09-16 14:51:09 +0200: Memory Usage (420560K) : topmetal2_res has 32 polygons
2026-09-16 14:51:09 +0200: Memory Usage (420560K) : topmetal2_iprobe has 0 polygons
2026-09-16 14:51:09 +0200: Memory Usage (420560K) : topmetal2_diffprb has 0 polygons
2026-09-16 14:51:09 +0200: Memory Usage (420560K) : snsring_drw has 0 polygons
2026-09-16 14:51:09 +0200: Memory Usage (420560K) : sensor_drw has 0 polygons
2026-09-16 14:51:09 +0200: Memory Usage (420560K) : snsarms_drw has 0 polygons
2026-09-16 14:51:09 +0200: Memory Usage (420560K) : snscmosvia_drw has 0 polygons
2026-09-16 14:51:09 +0200: Memory Usage (420560K) : colwind_drw has 0 polygons
2026-09-16 14:51:09 +0200: Memory Usage (420560K) : flm_drw has 0 polygons
2026-09-16 14:51:09 +0200: Memory Usage (420560K) : hafniumox_drw has 0 polygons
2026-09-16 14:51:09 +0200: Memory Usage (420560K) : memvia_drw has 0 polygons
2026-09-16 14:51:09 +0200: Memory Usage (420816K) : thinfilmres_drw has 0 polygons
2026-09-16 14:51:09 +0200: Memory Usage (420816K) : rfmem_drw has 0 polygons
2026-09-16 14:51:09 +0200: Memory Usage (420816K) : norcx_drw has 0 polygons
2026-09-16 14:51:09 +0200: Memory Usage (420816K) : norcx_m2m3 has 0 polygons
2026-09-16 14:51:09 +0200: Memory Usage (421072K) : norcx_m2m4 has 0 polygons
2026-09-16 14:51:09 +0200: Memory Usage (421072K) : norcx_m2m5 has 0 polygons
2026-09-16 14:51:09 +0200: Memory Usage (421072K) : norcx_m2tm1 has 0 polygons
2026-09-16 14:51:09 +0200: Memory Usage (421072K) : norcx_m2tm2 has 0 polygons
2026-09-16 14:51:09 +0200: Memory Usage (421072K) : norcx_m3m4 has 0 polygons
2026-09-16 14:51:09 +0200: Memory Usage (421328K) : norcx_m3m5 has 0 polygons
2026-09-16 14:51:09 +0200: Memory Usage (421328K) : norcx_m3tm1 has 0 polygons
2026-09-16 14:51:09 +0200: Memory Usage (421328K) : norcx_m3tm2 has 0 polygons
2026-09-16 14:51:09 +0200: Memory Usage (421328K) : norcx_m4m5 has 0 polygons
2026-09-16 14:51:09 +0200: Memory Usage (421584K) : norcx_m4tm1 has 0 polygons
2026-09-16 14:51:09 +0200: Memory Usage (421584K) : norcx_m4tm2 has 0 polygons
2026-09-16 14:51:09 +0200: Memory Usage (421584K) : norcx_m5tm1 has 0 polygons
2026-09-16 14:51:09 +0200: Memory Usage (421584K) : norcx_m5tm2 has 0 polygons
2026-09-16 14:51:09 +0200: Memory Usage (421584K) : norcx_tm1tm2 has 0 polygons
2026-09-16 14:51:09 +0200: Memory Usage (421840K) : norcx_m1sub has 0 polygons
2026-09-16 14:51:09 +0200: Memory Usage (421840K) : norcx_m2sub has 0 polygons
2026-09-16 14:51:09 +0200: Memory Usage (421840K) : norcx_m3sub has 0 polygons
2026-09-16 14:51:09 +0200: Memory Usage (421840K) : norcx_m4sub has 0 polygons
2026-09-16 14:51:09 +0200: Memory Usage (422096K) : norcx_m5sub has 0 polygons
2026-09-16 14:51:09 +0200: Memory Usage (422096K) : norcx_tm1sub has 0 polygons
2026-09-16 14:51:09 +0200: Memory Usage (422096K) : norcx_tm2sub has 0 polygons
2026-09-16 14:51:09 +0200: Memory Usage (422096K) : snsbotvia_drw has 0 polygons
2026-09-16 14:51:09 +0200: Memory Usage (422096K) : snstopvia_drw has 0 polygons
2026-09-16 14:51:09 +0200: Memory Usage (422352K) : deepvia_drw has 0 polygons
2026-09-16 14:51:09 +0200: Memory Usage (422352K) : fgetch_drw has 0 polygons
2026-09-16 14:51:09 +0200: Memory Usage (422352K) : ctrgat_drw has 0 polygons
2026-09-16 14:51:09 +0200: Memory Usage (422352K) : fgimp_drw has 0 polygons
2026-09-16 14:51:09 +0200: Memory Usage (422352K) : emwihv_drw has 36 polygons
2026-09-16 14:51:09 +0200: Memory Usage (422608K) : lbe_drw has 0 polygons
2026-09-16 14:51:09 +0200: Memory Usage (422608K) : alcustop_drw has 0 polygons
2026-09-16 14:51:09 +0200: Memory Usage (422608K) : nometfiller_drw has 0 polygons
2026-09-16 14:51:09 +0200: Memory Usage (422608K) : prboundary_drw has 0 polygons
2026-09-16 14:51:09 +0200: Memory Usage (422864K) : exchange0_drw has 0 polygons
2026-09-16 14:51:09 +0200: Memory Usage (422864K) : exchange0_pin has 0 polygons
2026-09-16 14:51:09 +0200: Memory Usage (422864K) : exchange0_text has 0 polygons
2026-09-16 14:51:09 +0200: Memory Usage (422864K) : exchange1_drw has 0 polygons
2026-09-16 14:51:09 +0200: Memory Usage (422864K) : exchange1_pin has 0 polygons
2026-09-16 14:51:09 +0200: Memory Usage (423120K) : exchange1_text has 0 polygons
2026-09-16 14:51:09 +0200: Memory Usage (423120K) : exchange2_drw has 0 polygons
2026-09-16 14:51:09 +0200: Memory Usage (423120K) : exchange2_pin has 0 polygons
2026-09-16 14:51:09 +0200: Memory Usage (423120K) : exchange2_text has 0 polygons
2026-09-16 14:51:09 +0200: Memory Usage (423120K) : exchange3_drw has 0 polygons
2026-09-16 14:51:09 +0200: Memory Usage (423376K) : exchange3_pin has 0 polygons
2026-09-16 14:51:09 +0200: Memory Usage (423376K) : exchange3_text has 0 polygons
2026-09-16 14:51:09 +0200: Memory Usage (423376K) : exchange4_drw has 0 polygons
2026-09-16 14:51:09 +0200: Memory Usage (423376K) : exchange4_pin has 0 polygons
2026-09-16 14:51:09 +0200: Memory Usage (423376K) : exchange4_text has 0 polygons
2026-09-16 14:51:09 +0200: Memory Usage (423632K) : isonwell_drw has 0 polygons
2026-09-16 14:51:09 +0200: Memory Usage (423632K) : Total no. of polygons in the design is 1696176
2026-09-16 14:51:09 +0200: Memory Usage (423632K) : Loaded TECH DRC rules values from /opt/open_pdk/ihp/IHP-Open-PDK/ihp-sg13g2/libs.tech/klayout/python/sg13g2_pycell_lib/sg13g2_tech_mod.json
2026-09-16 14:51:09 +0200: Memory Usage (423632K) : Loaded default DRC rules values from /opt/open_pdk/ihp/IHP-Open-PDK/ihp-sg13g2/libs.tech/klayout/tech/drc/rule_decks/sg13g2_tech_default.json
2026-09-16 14:51:09 +0200: Memory Usage (423632K) : The following rules values were missing in tech json and default values were used:
2026-09-16 14:51:09 +0200: Memory Usage (423632K) :   - NW_f1_digibnd
2026-09-16 14:51:09 +0200: Memory Usage (423632K) :   - Cnt_c_digibnd
2026-09-16 14:51:09 +0200: Memory Usage (423632K) :   - Cnt_c_sram
2026-09-16 14:51:09 +0200: Memory Usage (423632K) :   - Sdiod_b
2026-09-16 14:51:09 +0200: Memory Usage (423632K) :   - Sdiod_c
2026-09-16 14:51:09 +0200: Memory Usage (424912K) : Total area of the design is 2999424.0 um^2.
2026-09-16 14:51:09 +0200: Memory Usage (424912K) : The design dimensions are 1712.0000000000002 µm * 1752.0000000000002 µm.
2026-09-16 14:51:09 +0200: Memory Usage (424912K) : Starting general IHP-SG13G2 derivations.
2026-09-16 14:51:09 +0200: Memory Usage (424912K) : Starting Pwell derivations
2026-09-16 14:51:09 +0200: Memory Usage (425168K) : Starting n-Activ derivations
2026-09-16 14:51:09 +0200: Memory Usage (426752K) : Starting p-Activ derivations
2026-09-16 14:51:09 +0200: Memory Usage (426228K) : Starting ptap derivations
2026-09-16 14:51:09 +0200: Memory Usage (426224K) : Starting ntap derivations
2026-09-16 14:51:09 +0200: Memory Usage (426224K) : Starting pact FET derivations
2026-09-16 14:51:09 +0200: Memory Usage (426224K) : Starting nact FET derivations
2026-09-16 14:51:09 +0200: Memory Usage (425964K) : Starting Gate derivations
2026-09-16 14:51:09 +0200: Memory Usage (426476K) : Starting cont/contbar general derivations
2026-09-16 14:51:09 +0200: Memory Usage (432356K) : Starting pad general derivations
2026-09-16 14:51:09 +0200: Memory Usage (432348K) : Starting schottky_nbl general derivations
2026-09-16 14:51:09 +0200: Memory Usage (432348K) : Starting SVaricap general derivations
2026-09-16 14:51:09 +0200: Memory Usage (432348K) : Starting HBT general derivations
2026-09-16 14:51:09 +0200: Memory Usage (433920K) : Starting IHP-SG13G2 DRC connectivity related derivations.
2026-09-16 14:51:10 +0200: Memory Usage (433408K) : Starting IHP-SG13G2 DRC connectivity setup
2026-09-16 14:51:12 +0200: Memory Usage (446472K) : Starting IHP-SG13G2 DRC rules.
2026-09-16 14:51:12 +0200: Memory Usage (446472K) : Running all FEOL rules
2026-09-16 14:51:12 +0200: Memory Usage (446472K) : Running all BEOL rules
2026-09-16 14:51:12 +0200: Memory Usage (446472K) : Running all PIN rules
2026-09-16 14:51:12 +0200: Memory Usage (446472K) : Running all FORBIDDEN rules
2026-09-16 14:51:12 +0200: Memory Usage (446472K) : Starting 5.1 NWell table
2026-09-16 14:51:12 +0200: Memory Usage (446472K) : Starting 5.2 PWell:block
2026-09-16 14:51:12 +0200: Memory Usage (446472K) : Starting 5.3 nBuLay table
2026-09-16 14:51:12 +0200: Memory Usage (446472K) : Starting 5.5. Activ table
2026-09-16 14:51:12 +0200: Memory Usage (446472K) : Executing rule Act.a
2026-09-16 14:51:12 +0200: Memory Usage (446472K) : Executing rule Act.b
2026-09-16 14:51:12 +0200: Memory Usage (446912K) : Starting 5.6 Activ:filler table
2026-09-16 14:51:12 +0200: Memory Usage (446912K) : Tiling mode is enabled for Activ:filler table.
2026-09-16 14:51:12 +0200: Memory Usage (446912K) : Executing rule AFil.c1
2026-09-16 14:51:12 +0200: Memory Usage (456628K) : deep mode is enabled after Activ:filler table.
2026-09-16 14:51:12 +0200: Memory Usage (456628K) : Starting 5.7. ThickGateOx table
2026-09-16 14:51:12 +0200: Memory Usage (456628K) : Executing rule TGO.f
2026-09-16 14:51:12 +0200: Memory Usage (456628K) : Starting 5.8. GatPoly table
2026-09-16 14:51:12 +0200: Memory Usage (456628K) : Executing rule Gat.a
2026-09-16 14:51:12 +0200: Memory Usage (456628K) : Executing rule Gat.b
2026-09-16 14:51:12 +0200: Memory Usage (456648K) : Executing rule Gat.d
2026-09-16 14:51:12 +0200: Memory Usage (456648K) : Starting 5.9 GatPoly:filler
2026-09-16 14:51:12 +0200: Memory Usage (456648K) : Tiling mode is enabled for GatPoly:filler table.
2026-09-16 14:51:12 +0200: Memory Usage (456648K) : Executing rule GFil.d
2026-09-16 14:51:12 +0200: Memory Usage (473796K) : deep mode is enabled after GatPoly:filler table.
2026-09-16 14:51:12 +0200: Memory Usage (473796K) : Starting 5.10 pSD table
2026-09-16 14:51:12 +0200: Memory Usage (473796K) : Starting 5.14. Cont table
2026-09-16 14:51:12 +0200: Memory Usage (473796K) : Executing rule Cnt.a
2026-09-16 14:51:12 +0200: Memory Usage (473796K) : Executing rule Cnt.b
2026-09-16 14:51:13 +0200: Memory Usage (474812K) : Starting 5.15. ContBar table
2026-09-16 14:51:13 +0200: Memory Usage (474812K) : Executing rule CntB.a
2026-09-16 14:51:13 +0200: Memory Usage (475564K) : Executing rule CntB.a1
2026-09-16 14:51:13 +0200: Memory Usage (475564K) : Starting 6.1.3 NPN Substrate-Tie table
2026-09-16 14:51:13 +0200: Memory Usage (475564K) : Starting 6.7 Schottky diode table
2026-09-16 14:51:13 +0200: Memory Usage (475564K) : Starting 7.2 Latch-up table
2026-09-16 14:51:13 +0200: Memory Usage (475564K) : Starting 5.16. Metal1 table
2026-09-16 14:51:13 +0200: Memory Usage (475564K) : Executing rule M1.a
2026-09-16 14:51:13 +0200: Memory Usage (475564K) : Executing rule M1.b
2026-09-16 14:51:13 +0200: Memory Usage (474316K) : Starting 5.17 Metaln table
2026-09-16 14:51:13 +0200: Memory Usage (474316K) : Executing rule M2.a
2026-09-16 14:51:13 +0200: Memory Usage (474316K) : Executing rule M2.b
2026-09-16 14:51:14 +0200: Memory Usage (472780K) : Executing rule M3.a
2026-09-16 14:51:14 +0200: Memory Usage (472780K) : Executing rule M3.b
2026-09-16 14:51:14 +0200: Memory Usage (471488K) : Executing rule M4.a
2026-09-16 14:51:14 +0200: Memory Usage (471488K) : Executing rule M4.b
2026-09-16 14:51:14 +0200: Memory Usage (471600K) : Executing rule M5.a
2026-09-16 14:51:14 +0200: Memory Usage (471600K) : Executing rule M5.b
2026-09-16 14:51:15 +0200: Memory Usage (471080K) : Starting 5.18 Metaln:filler table
2026-09-16 14:51:15 +0200: Memory Usage (471080K) : Tiling mode is enabled for Metaln:filler table.
2026-09-16 14:51:15 +0200: Memory Usage (471080K) : Executing rule M1Fil.c
2026-09-16 14:51:15 +0200: Memory Usage (475944K) : Executing rule M2Fil.c
2026-09-16 14:51:15 +0200: Memory Usage (485928K) : Executing rule M3Fil.c
2026-09-16 14:51:15 +0200: Memory Usage (496168K) : Executing rule M4Fil.c
2026-09-16 14:51:15 +0200: Memory Usage (498216K) : Executing rule M5Fil.c
2026-09-16 14:51:15 +0200: Memory Usage (500520K) : deep mode is enabled after Metaln:filler table.
2026-09-16 14:51:15 +0200: Memory Usage (500520K) : Starting 5.19. Via1 table
2026-09-16 14:51:15 +0200: Memory Usage (500520K) : Starting 5.19. Via1 table derivations
2026-09-16 14:51:15 +0200: Memory Usage (507432K) : Executing rule V1.a
2026-09-16 14:51:16 +0200: Memory Usage (518952K) : Executing rule V1.b
2026-09-16 14:51:16 +0200: Memory Usage (522528K) : Starting 5.20. Vian table
2026-09-16 14:51:16 +0200: Memory Usage (524320K) : Executing rule V2.a
2026-09-16 14:51:17 +0200: Memory Usage (525088K) : Executing rule V2.b
2026-09-16 14:51:17 +0200: Memory Usage (526356K) : Executing rule V3.a
2026-09-16 14:51:17 +0200: Memory Usage (527892K) : Executing rule V3.b
2026-09-16 14:51:18 +0200: Memory Usage (528144K) : Executing rule V4.a
2026-09-16 14:51:18 +0200: Memory Usage (528400K) : Executing rule V4.b
2026-09-16 14:51:18 +0200: Memory Usage (529424K) : Starting 5.21. TopVia1 table
2026-09-16 14:51:18 +0200: Memory Usage (528904K) : Executing rule TV1.a
2026-09-16 14:51:18 +0200: Memory Usage (528904K) : Executing rule TV1.b
2026-09-16 14:51:18 +0200: Memory Usage (529412K) : Starting 5.22. TopMetal1 table
2026-09-16 14:51:18 +0200: Memory Usage (529412K) : Executing rule TM1.a
2026-09-16 14:51:18 +0200: Memory Usage (529412K) : Executing rule TM1.b
2026-09-16 14:51:18 +0200: Memory Usage (529668K) : Starting 5.23 TopMetal1:filler table
2026-09-16 14:51:18 +0200: Memory Usage (529668K) : Tiling mode is enabled for TopMetal1:filler table.
2026-09-16 14:51:18 +0200: Memory Usage (529668K) : Executing rule TM1Fil.c
2026-09-16 14:51:18 +0200: Memory Usage (529660K) : deep mode is enabled after TopMetal1:filler table.
2026-09-16 14:51:18 +0200: Memory Usage (529660K) : Starting 5.24. TopVia2 table
2026-09-16 14:51:19 +0200: Memory Usage (529916K) : Executing rule TV2.a
2026-09-16 14:51:19 +0200: Memory Usage (529916K) : Executing rule TV2.b
2026-09-16 14:51:19 +0200: Memory Usage (529652K) : Starting 5.25. TopMetal2 table
2026-09-16 14:51:19 +0200: Memory Usage (529652K) : Executing rule TM2.a
2026-09-16 14:51:19 +0200: Memory Usage (529652K) : Executing rule TM2.b
2026-09-16 14:51:19 +0200: Memory Usage (529380K) : Starting 5.26 TopMetal2:filler table
2026-09-16 14:51:19 +0200: Memory Usage (529380K) : Tiling mode is enabled for TopMetal2:filler table.
2026-09-16 14:51:19 +0200: Memory Usage (529380K) : Executing rule TM2Fil.c
2026-09-16 14:51:19 +0200: Memory Usage (529380K) : deep mode is enabled after TopMetal2:filler table.
2026-09-16 14:51:19 +0200: Memory Usage (529380K) : Starting 5.27. Passiv table
2026-09-16 14:51:19 +0200: Memory Usage (529380K) : Executing rule Pas.a
2026-09-16 14:51:19 +0200: Memory Usage (529380K) : Executing rule Pas.b
2026-09-16 14:51:19 +0200: Memory Usage (529380K) : Starting 6.9.2 Copper Pillar table
2026-09-16 14:51:19 +0200: Memory Usage (529380K) : Executing rule Padc.a
2026-09-16 14:51:19 +0200: Memory Usage (529380K) : Executing rule Padc.b
2026-09-16 14:51:19 +0200: Memory Usage (529380K) : Executing rule Padc.c
2026-09-16 14:51:19 +0200: Memory Usage (529380K) : Executing rule Padb.f
2026-09-16 14:51:19 +0200: Memory Usage (529380K) : Starting 6.9 Pad table
2026-09-16 14:51:19 +0200: Memory Usage (529380K) : Executing rule Pad.m
2026-09-16 14:51:19 +0200: Memory Usage (529380K) : Starting 6.9.1 Solder Bump
2026-09-16 14:51:19 +0200: Memory Usage (529380K) : Executing rule Padb.a
2026-09-16 14:51:19 +0200: Memory Usage (529380K) : Executing rule Padb.b
2026-09-16 14:51:19 +0200: Memory Usage (529380K) : Executing rule Padb.c
2026-09-16 14:51:19 +0200: Memory Usage (529380K) : Executing rule Padb.f
2026-09-16 14:51:19 +0200: Memory Usage (529380K) : Starting 6.10 Sealring table
2026-09-16 14:51:19 +0200: Memory Usage (529380K) : Tiling mode is enabled for Seal.l rule.
2026-09-16 14:51:19 +0200: Memory Usage (529380K) : Executing rule Seal.l
2026-09-16 14:51:23 +0200: Memory Usage (580120K) : deep mode is enabled after Seal.l rule.
2026-09-16 14:51:23 +0200: Memory Usage (580120K) : Executing rule Seal.n
2026-09-16 14:51:23 +0200: Memory Usage (580108K) : Starting 6.11 MIM table
2026-09-16 14:51:23 +0200: Memory Usage (580108K) : Starting 7.3 Metal Slits table
2026-09-16 14:51:23 +0200: Memory Usage (580108K) : Starting 9.1. LBE table
2026-09-16 14:51:23 +0200: Memory Usage (580108K) : Executing rule LBE.a
2026-09-16 14:51:23 +0200: Memory Usage (580108K) : Executing rule LBE.b
2026-09-16 14:51:23 +0200: Memory Usage (580108K) : Executing rule LBE.b1
2026-09-16 14:51:23 +0200: Memory Usage (580108K) : Executing rule LBE.c
2026-09-16 14:51:23 +0200: Memory Usage (580108K) : Executing rule LBE.d
2026-09-16 14:51:23 +0200: Memory Usage (580108K) : Executing rule LBE.h
2026-09-16 14:51:23 +0200: Memory Usage (580108K) : Starting 7.4. PIN table
2026-09-16 14:51:23 +0200: Memory Usage (580108K) : Executing rule Pin.a
2026-09-16 14:51:23 +0200: Memory Usage (580108K) : Executing rule Pin.b
2026-09-16 14:51:23 +0200: Memory Usage (580108K) : Executing rule Pin.e
2026-09-16 14:51:23 +0200: Memory Usage (580364K) : Executing rule Pin.f_M2
2026-09-16 14:51:23 +0200: Memory Usage (580620K) : Executing rule Pin.f_M3
2026-09-16 14:51:23 +0200: Memory Usage (580620K) : Executing rule Pin.f_M4
2026-09-16 14:51:23 +0200: Memory Usage (580620K) : Executing rule Pin.f_M5
2026-09-16 14:51:23 +0200: Memory Usage (580620K) : Executing rule Pin.g
2026-09-16 14:51:23 +0200: Memory Usage (580620K) : Executing rule Pin.h
2026-09-16 14:51:23 +0200: Memory Usage (580620K) : Starting 3.1. offgrid table
2026-09-16 14:51:23 +0200: Memory Usage (580620K) : Executing rule activ_drw_Offgrid
2026-09-16 14:51:23 +0200: Memory Usage (580620K) : Executing rule activ_mask_Offgrid
2026-09-16 14:51:23 +0200: Memory Usage (580620K) : Executing rule activ_filler_Offgrid
2026-09-16 14:51:24 +0200: Memory Usage (591628K) : Executing rule activ_opc_Offgrid
2026-09-16 14:51:24 +0200: Memory Usage (591628K) : Executing rule activ_iopc_Offgrid
2026-09-16 14:51:24 +0200: Memory Usage (591628K) : Executing rule biwind_drw_Offgrid
2026-09-16 14:51:24 +0200: Memory Usage (591628K) : Executing rule biwind_opc_Offgrid
2026-09-16 14:51:24 +0200: Memory Usage (591628K) : Executing rule pemwind_drw_Offgrid
2026-09-16 14:51:24 +0200: Memory Usage (591628K) : Executing rule gatpoly_drw_Offgrid
2026-09-16 14:51:24 +0200: Memory Usage (591628K) : Executing rule gatpoly_filler_Offgrid
2026-09-16 14:51:24 +0200: Memory Usage (601100K) : Executing rule gatpoly_opc_Offgrid
2026-09-16 14:51:24 +0200: Memory Usage (601612K) : Executing rule gatpoly_iopc_Offgrid
2026-09-16 14:51:24 +0200: Memory Usage (602124K) : Executing rule gatpoly_noqrc_Offgrid
2026-09-16 14:51:24 +0200: Memory Usage (602636K) : Executing rule cont_drw_Offgrid
2026-09-16 14:51:25 +0200: Memory Usage (610828K) : Executing rule cont_opc_Offgrid
2026-09-16 14:51:25 +0200: Memory Usage (610828K) : Executing rule nsd_drw_Offgrid
2026-09-16 14:51:25 +0200: Memory Usage (610828K) : Executing rule nsd_block_Offgrid
2026-09-16 14:51:25 +0200: Memory Usage (610828K) : Executing rule metal1_drw_Offgrid
2026-09-16 14:51:25 +0200: Memory Usage (610828K) : Executing rule metal1_mask_Offgrid
2026-09-16 14:51:25 +0200: Memory Usage (610828K) : Executing rule metal1_filler_Offgrid
2026-09-16 14:51:25 +0200: Memory Usage (615132K) : Executing rule metal1_slit_Offgrid
2026-09-16 14:51:25 +0200: Memory Usage (615132K) : Executing rule metal1_opc_Offgrid
2026-09-16 14:51:25 +0200: Memory Usage (615132K) : Executing rule metal1_noqrc_Offgrid
2026-09-16 14:51:25 +0200: Memory Usage (615132K) : Executing rule metal1_res_Offgrid
2026-09-16 14:51:25 +0200: Memory Usage (615132K) : Executing rule metal1_iprobe_Offgrid
2026-09-16 14:51:25 +0200: Memory Usage (615132K) : Executing rule metal1_diffprb_Offgrid
2026-09-16 14:51:25 +0200: Memory Usage (615132K) : Executing rule passiv_drw_Offgrid
2026-09-16 14:51:25 +0200: Memory Usage (615132K) : Executing rule passiv_pillar_Offgrid
2026-09-16 14:51:25 +0200: Memory Usage (615132K) : Executing rule passiv_sbump_Offgrid
2026-09-16 14:51:25 +0200: Memory Usage (615132K) : Executing rule passiv_pdl_Offgrid
2026-09-16 14:51:25 +0200: Memory Usage (615132K) : Executing rule metal2_drw_Offgrid
2026-09-16 14:51:25 +0200: Memory Usage (615132K) : Executing rule metal2_mask_Offgrid
2026-09-16 14:51:25 +0200: Memory Usage (615132K) : Executing rule metal2_filler_Offgrid
2026-09-16 14:51:26 +0200: Memory Usage (624812K) : Executing rule metal2_slit_Offgrid
2026-09-16 14:51:26 +0200: Memory Usage (624812K) : Executing rule metal2_opc_Offgrid
2026-09-16 14:51:26 +0200: Memory Usage (624812K) : Executing rule metal2_noqrc_Offgrid
2026-09-16 14:51:26 +0200: Memory Usage (624812K) : Executing rule metal2_res_Offgrid
2026-09-16 14:51:26 +0200: Memory Usage (624812K) : Executing rule metal2_iprobe_Offgrid
2026-09-16 14:51:26 +0200: Memory Usage (624812K) : Executing rule metal2_diffprb_Offgrid
2026-09-16 14:51:26 +0200: Memory Usage (624812K) : Executing rule baspoly_drw_Offgrid
2026-09-16 14:51:26 +0200: Memory Usage (624812K) : Executing rule psd_drw_Offgrid
2026-09-16 14:51:26 +0200: Memory Usage (624812K) : Executing rule nldb_drw_Offgrid
2026-09-16 14:51:26 +0200: Memory Usage (624812K) : Executing rule via1_drw_Offgrid
2026-09-16 14:51:28 +0200: Memory Usage (654212K) : Executing rule backmetal1_drw_Offgrid
2026-09-16 14:51:28 +0200: Memory Usage (654212K) : Executing rule backmetal1_mask_Offgrid
2026-09-16 14:51:28 +0200: Memory Usage (654212K) : Executing rule backmetal1_filler_Offgrid
2026-09-16 14:51:28 +0200: Memory Usage (654212K) : Executing rule backmetal1_slit_Offgrid
2026-09-16 14:51:28 +0200: Memory Usage (654212K) : Executing rule backmetal1_opc_Offgrid
2026-09-16 14:51:28 +0200: Memory Usage (654212K) : Executing rule backmetal1_noqrc_Offgrid
2026-09-16 14:51:28 +0200: Memory Usage (654212K) : Executing rule backmetal1_res_Offgrid
2026-09-16 14:51:28 +0200: Memory Usage (654212K) : Executing rule backmetal1_iprobe_Offgrid
2026-09-16 14:51:28 +0200: Memory Usage (654212K) : Executing rule backmetal1_diffprb_Offgrid
2026-09-16 14:51:28 +0200: Memory Usage (654212K) : Executing rule backpassiv_drw_Offgrid
2026-09-16 14:51:28 +0200: Memory Usage (654212K) : Executing rule salblock_drw_Offgrid
2026-09-16 14:51:28 +0200: Memory Usage (654212K) : Executing rule via2_drw_Offgrid
2026-09-16 14:51:30 +0200: Memory Usage (677972K) : Executing rule metal3_drw_Offgrid
2026-09-16 14:51:30 +0200: Memory Usage (674388K) : Executing rule metal3_mask_Offgrid
2026-09-16 14:51:30 +0200: Memory Usage (674388K) : Executing rule metal3_filler_Offgrid
2026-09-16 14:51:31 +0200: Memory Usage (676692K) : Executing rule metal3_slit_Offgrid
2026-09-16 14:51:31 +0200: Memory Usage (676692K) : Executing rule metal3_opc_Offgrid
2026-09-16 14:51:31 +0200: Memory Usage (676692K) : Executing rule metal3_noqrc_Offgrid
2026-09-16 14:51:31 +0200: Memory Usage (676692K) : Executing rule metal3_res_Offgrid
2026-09-16 14:51:31 +0200: Memory Usage (676692K) : Executing rule metal3_iprobe_Offgrid
2026-09-16 14:51:31 +0200: Memory Usage (676692K) : Executing rule metal3_diffprb_Offgrid
2026-09-16 14:51:31 +0200: Memory Usage (676692K) : Executing rule nwell_drw_Offgrid
2026-09-16 14:51:31 +0200: Memory Usage (676692K) : Executing rule nbulay_drw_Offgrid
2026-09-16 14:51:31 +0200: Memory Usage (676692K) : Executing rule nbulay_block_Offgrid
2026-09-16 14:51:31 +0200: Memory Usage (676948K) : Executing rule pwell_drw_Offgrid
2026-09-16 14:51:31 +0200: Memory Usage (676948K) : Executing rule pwell_block_Offgrid
2026-09-16 14:51:31 +0200: Memory Usage (676948K) : Executing rule emwind_drw_Offgrid
2026-09-16 14:51:31 +0200: Memory Usage (676948K) : Executing rule emwind_opc_Offgrid
2026-09-16 14:51:31 +0200: Memory Usage (676948K) : Executing rule deepco_drw_Offgrid
2026-09-16 14:51:31 +0200: Memory Usage (676948K) : Executing rule mim_drw_Offgrid
2026-09-16 14:51:31 +0200: Memory Usage (676948K) : Executing rule substrate_drw_Offgrid
2026-09-16 14:51:31 +0200: Memory Usage (676948K) : Executing rule ic_drw_Offgrid
2026-09-16 14:51:31 +0200: Memory Usage (676948K) : Executing rule via3_drw_Offgrid
2026-09-16 14:51:33 +0200: Memory Usage (689728K) : Executing rule pldb_drw_Offgrid
2026-09-16 14:51:33 +0200: Memory Usage (689728K) : Executing rule metal4_drw_Offgrid
2026-09-16 14:51:33 +0200: Memory Usage (689728K) : Executing rule metal4_mask_Offgrid
2026-09-16 14:51:33 +0200: Memory Usage (689728K) : Executing rule metal4_filler_Offgrid
2026-09-16 14:51:33 +0200: Memory Usage (693568K) : Executing rule metal4_slit_Offgrid
2026-09-16 14:51:33 +0200: Memory Usage (693568K) : Executing rule metal4_opc_Offgrid
2026-09-16 14:51:33 +0200: Memory Usage (693568K) : Executing rule metal4_noqrc_Offgrid
2026-09-16 14:51:33 +0200: Memory Usage (693568K) : Executing rule metal4_res_Offgrid
2026-09-16 14:51:33 +0200: Memory Usage (693568K) : Executing rule metal4_iprobe_Offgrid
2026-09-16 14:51:33 +0200: Memory Usage (693568K) : Executing rule metal4_diffprb_Offgrid
2026-09-16 14:51:33 +0200: Memory Usage (693568K) : Executing rule via4_drw_Offgrid
2026-09-16 14:51:35 +0200: Memory Usage (696324K) : Executing rule metal5_drw_Offgrid
2026-09-16 14:51:35 +0200: Memory Usage (691716K) : Executing rule metal5_mask_Offgrid
2026-09-16 14:51:35 +0200: Memory Usage (691716K) : Executing rule metal5_filler_Offgrid
2026-09-16 14:51:36 +0200: Memory Usage (696068K) : Executing rule metal5_slit_Offgrid
2026-09-16 14:51:36 +0200: Memory Usage (696068K) : Executing rule metal5_opc_Offgrid
2026-09-16 14:51:36 +0200: Memory Usage (696068K) : Executing rule metal5_noqrc_Offgrid
2026-09-16 14:51:36 +0200: Memory Usage (696068K) : Executing rule metal5_res_Offgrid
2026-09-16 14:51:36 +0200: Memory Usage (696068K) : Executing rule metal5_iprobe_Offgrid
2026-09-16 14:51:36 +0200: Memory Usage (696068K) : Executing rule metal5_diffprb_Offgrid
2026-09-16 14:51:36 +0200: Memory Usage (696068K) : Executing rule prboundary_drw_Offgrid
2026-09-16 14:51:36 +0200: Memory Usage (696068K) : Executing rule exchange0_drw_Offgrid
2026-09-16 14:51:36 +0200: Memory Usage (696068K) : Executing rule exchange1_drw_Offgrid
2026-09-16 14:51:36 +0200: Memory Usage (696068K) : Executing rule exchange2_drw_Offgrid
2026-09-16 14:51:36 +0200: Memory Usage (696068K) : Executing rule exchange3_drw_Offgrid
2026-09-16 14:51:36 +0200: Memory Usage (696068K) : Executing rule exchange4_drw_Offgrid
2026-09-16 14:51:36 +0200: Memory Usage (696324K) : Executing rule isonwell_drw_Offgrid
2026-09-16 14:51:36 +0200: Memory Usage (696324K) : Executing rule thickgateox_drw_Offgrid
2026-09-16 14:51:36 +0200: Memory Usage (696324K) : Executing rule pempoly_drw_Offgrid
2026-09-16 14:51:36 +0200: Memory Usage (696324K) : Executing rule fbe_drw_Offgrid
2026-09-16 14:51:36 +0200: Memory Usage (696324K) : Executing rule empoly_drw_Offgrid
2026-09-16 14:51:36 +0200: Memory Usage (696324K) : Executing rule ldmos_drw_Offgrid
2026-09-16 14:51:36 +0200: Memory Usage (696324K) : Executing rule pbiwind_drw_Offgrid
2026-09-16 14:51:36 +0200: Memory Usage (696324K) : Executing rule colopen_drw_Offgrid
2026-09-16 14:51:36 +0200: Memory Usage (696324K) : Executing rule extblock_drw_Offgrid
2026-09-16 14:51:36 +0200: Memory Usage (696324K) : Executing rule nldd_drw_Offgrid
2026-09-16 14:51:36 +0200: Memory Usage (696324K) : Executing rule pldd_drw_Offgrid
2026-09-16 14:51:36 +0200: Memory Usage (696324K) : Executing rule next_drw_Offgrid
2026-09-16 14:51:36 +0200: Memory Usage (696324K) : Executing rule pext_drw_Offgrid
2026-09-16 14:51:36 +0200: Memory Usage (696324K) : Executing rule nexthv_drw_Offgrid
2026-09-16 14:51:36 +0200: Memory Usage (696324K) : Executing rule pexthv_drw_Offgrid
2026-09-16 14:51:36 +0200: Memory Usage (696324K) : Executing rule graphgate_drw_Offgrid
2026-09-16 14:51:36 +0200: Memory Usage (694020K) : Executing rule mempad_drw_Offgrid
2026-09-16 14:51:36 +0200: Memory Usage (694020K) : Executing rule topvia1_drw_Offgrid
2026-09-16 14:51:37 +0200: Memory Usage (692228K) : Executing rule topmetal1_drw_Offgrid
2026-09-16 14:51:37 +0200: Memory Usage (692484K) : Executing rule topmetal1_mask_Offgrid
2026-09-16 14:51:37 +0200: Memory Usage (692484K) : Executing rule topmetal1_filler_Offgrid
2026-09-16 14:51:37 +0200: Memory Usage (692484K) : Executing rule topmetal1_slit_Offgrid
2026-09-16 14:51:37 +0200: Memory Usage (692484K) : Executing rule topmetal1_noqrc_Offgrid
2026-09-16 14:51:37 +0200: Memory Usage (692484K) : Executing rule topmetal1_res_Offgrid
2026-09-16 14:51:37 +0200: Memory Usage (692484K) : Executing rule topmetal1_iprobe_Offgrid
2026-09-16 14:51:37 +0200: Memory Usage (692484K) : Executing rule topmetal1_diffprb_Offgrid
2026-09-16 14:51:37 +0200: Memory Usage (692484K) : Executing rule inldpwl_drw_Offgrid
2026-09-16 14:51:37 +0200: Memory Usage (692484K) : Executing rule polyres_drw_Offgrid
2026-09-16 14:51:37 +0200: Memory Usage (692484K) : Executing rule vmim_drw_Offgrid
2026-09-16 14:51:37 +0200: Memory Usage (692484K) : Executing rule nbulaycut_drw_Offgrid
2026-09-16 14:51:37 +0200: Memory Usage (692484K) : Executing rule antmetal1_drw_Offgrid
2026-09-16 14:51:37 +0200: Memory Usage (692484K) : Executing rule topvia2_drw_Offgrid
2026-09-16 14:51:38 +0200: Memory Usage (693764K) : Executing rule topmetal2_drw_Offgrid
2026-09-16 14:51:38 +0200: Memory Usage (692740K) : Executing rule topmetal2_mask_Offgrid
2026-09-16 14:51:38 +0200: Memory Usage (692740K) : Executing rule topmetal2_filler_Offgrid
2026-09-16 14:51:38 +0200: Memory Usage (692740K) : Executing rule topmetal2_slit_Offgrid
2026-09-16 14:51:38 +0200: Memory Usage (692740K) : Executing rule topmetal2_noqrc_Offgrid
2026-09-16 14:51:38 +0200: Memory Usage (692740K) : Executing rule topmetal2_res_Offgrid
2026-09-16 14:51:38 +0200: Memory Usage (692740K) : Executing rule topmetal2_iprobe_Offgrid
2026-09-16 14:51:38 +0200: Memory Usage (692740K) : Executing rule topmetal2_diffprb_Offgrid
2026-09-16 14:51:38 +0200: Memory Usage (692740K) : Executing rule snsring_drw_Offgrid
2026-09-16 14:51:38 +0200: Memory Usage (692740K) : Executing rule sensor_drw_Offgrid
2026-09-16 14:51:38 +0200: Memory Usage (692740K) : Executing rule snsarms_drw_Offgrid
2026-09-16 14:51:38 +0200: Memory Usage (692740K) : Executing rule snscmosvia_drw_Offgrid
2026-09-16 14:51:38 +0200: Memory Usage (692740K) : Executing rule colwind_drw_Offgrid
2026-09-16 14:51:38 +0200: Memory Usage (692740K) : Executing rule flm_drw_Offgrid
2026-09-16 14:51:38 +0200: Memory Usage (692740K) : Executing rule hafniumox_drw_Offgrid
2026-09-16 14:51:38 +0200: Memory Usage (692740K) : Executing rule memvia_drw_Offgrid
2026-09-16 14:51:38 +0200: Memory Usage (692740K) : Executing rule thinfilmres_drw_Offgrid
2026-09-16 14:51:38 +0200: Memory Usage (692740K) : Executing rule rfmem_drw_Offgrid
2026-09-16 14:51:38 +0200: Memory Usage (692740K) : Executing rule snsbotvia_drw_Offgrid
2026-09-16 14:51:38 +0200: Memory Usage (692740K) : Executing rule snstopvia_drw_Offgrid
2026-09-16 14:51:38 +0200: Memory Usage (692740K) : Executing rule deepvia_drw_Offgrid
2026-09-16 14:51:38 +0200: Memory Usage (692740K) : Executing rule fgetch_drw_Offgrid
2026-09-16 14:51:38 +0200: Memory Usage (692740K) : Executing rule ctrgat_drw_Offgrid
2026-09-16 14:51:38 +0200: Memory Usage (692740K) : Executing rule fgimp_drw_Offgrid
2026-09-16 14:51:38 +0200: Memory Usage (692740K) : Executing rule emwihv_drw_Offgrid
2026-09-16 14:51:38 +0200: Memory Usage (692740K) : Executing rule lbe_drw_Offgrid
2026-09-16 14:51:38 +0200: Memory Usage (692740K) : Executing rule alcustop_drw_Offgrid
2026-09-16 14:51:38 +0200: Memory Usage (692740K) : Starting 3.2. angle table
2026-09-16 14:51:38 +0200: Memory Usage (692740K) : Executing rule activ_drw_Acute
2026-09-16 14:51:38 +0200: Memory Usage (692740K) : Executing rule activ_pin_Acute
2026-09-16 14:51:38 +0200: Memory Usage (692228K) : Executing rule activ_mask_Acute
2026-09-16 14:51:38 +0200: Memory Usage (692228K) : Executing rule activ_filler_Acute
2026-09-16 14:51:38 +0200: Memory Usage (692228K) : Executing rule activ_nofill_Acute
2026-09-16 14:51:38 +0200: Memory Usage (692228K) : Executing rule activ_opc_Acute
2026-09-16 14:51:38 +0200: Memory Usage (692228K) : Executing rule activ_iopc_Acute
2026-09-16 14:51:38 +0200: Memory Usage (692228K) : Executing rule activ_noqrc_Acute
2026-09-16 14:51:38 +0200: Memory Usage (692228K) : Executing rule biwind_drw_Acute
2026-09-16 14:51:38 +0200: Memory Usage (692228K) : Executing rule biwind_opc_Acute
2026-09-16 14:51:39 +0200: Memory Usage (692228K) : Executing rule pemwind_drw_Acute
2026-09-16 14:51:39 +0200: Memory Usage (692228K) : Executing rule gatpoly_drw_Acute
2026-09-16 14:51:39 +0200: Memory Usage (692228K) : Executing rule gatpoly_pin_Acute
2026-09-16 14:51:39 +0200: Memory Usage (692228K) : Executing rule gatpoly_filler_Acute
2026-09-16 14:51:39 +0200: Memory Usage (695044K) : Executing rule gatpoly_nofill_Acute
2026-09-16 14:51:39 +0200: Memory Usage (695044K) : Executing rule gatpoly_opc_Acute
2026-09-16 14:51:39 +0200: Memory Usage (695044K) : Executing rule gatpoly_iopc_Acute
2026-09-16 14:51:39 +0200: Memory Usage (695044K) : Executing rule gatpoly_noqrc_Acute
2026-09-16 14:51:39 +0200: Memory Usage (695044K) : Executing rule cont_drw_Acute
2026-09-16 14:51:39 +0200: Memory Usage (695044K) : Executing rule cont_opc_Acute
2026-09-16 14:51:39 +0200: Memory Usage (695044K) : Executing rule nsd_drw_Acute
2026-09-16 14:51:39 +0200: Memory Usage (695044K) : Executing rule nsd_block_Acute
2026-09-16 14:51:39 +0200: Memory Usage (695044K) : Executing rule metal1_drw_Acute
2026-09-16 14:51:39 +0200: Memory Usage (695044K) : Executing rule metal1_pin_Acute
2026-09-16 14:51:39 +0200: Memory Usage (695044K) : Executing rule metal1_mask_Acute
2026-09-16 14:51:39 +0200: Memory Usage (695044K) : Executing rule metal1_filler_Acute
2026-09-16 14:51:40 +0200: Memory Usage (697092K) : Executing rule metal1_nofill_Acute
2026-09-16 14:51:40 +0200: Memory Usage (697092K) : Executing rule metal1_slit_Acute
2026-09-16 14:51:40 +0200: Memory Usage (697092K) : Executing rule metal1_opc_Acute
2026-09-16 14:51:40 +0200: Memory Usage (697092K) : Executing rule metal1_noqrc_Acute
2026-09-16 14:51:40 +0200: Memory Usage (697092K) : Executing rule metal1_res_Acute
2026-09-16 14:51:40 +0200: Memory Usage (697092K) : Executing rule metal1_iprobe_Acute
2026-09-16 14:51:40 +0200: Memory Usage (697092K) : Executing rule metal1_diffprb_Acute
2026-09-16 14:51:40 +0200: Memory Usage (697092K) : Executing rule passiv_drw_Acute
2026-09-16 14:51:40 +0200: Memory Usage (697092K) : Executing rule passiv_pin_Acute
2026-09-16 14:51:40 +0200: Memory Usage (697092K) : Executing rule passiv_pillar_Acute
2026-09-16 14:51:40 +0200: Memory Usage (697092K) : Executing rule passiv_sbump_Acute
2026-09-16 14:51:40 +0200: Memory Usage (697092K) : Executing rule passiv_pdl_Acute
2026-09-16 14:51:40 +0200: Memory Usage (697092K) : Executing rule metal2_drw_Acute
2026-09-16 14:51:40 +0200: Memory Usage (697092K) : Executing rule metal2_pin_Acute
2026-09-16 14:51:40 +0200: Memory Usage (697092K) : Executing rule metal2_mask_Acute
2026-09-16 14:51:40 +0200: Memory Usage (697092K) : Executing rule metal2_filler_Acute
2026-09-16 14:51:41 +0200: Memory Usage (698628K) : Executing rule metal2_nofill_Acute
2026-09-16 14:51:41 +0200: Memory Usage (698628K) : Executing rule metal2_slit_Acute
2026-09-16 14:51:41 +0200: Memory Usage (698628K) : Executing rule metal2_opc_Acute
2026-09-16 14:51:41 +0200: Memory Usage (698628K) : Executing rule metal2_noqrc_Acute
2026-09-16 14:51:41 +0200: Memory Usage (698628K) : Executing rule metal2_res_Acute
2026-09-16 14:51:41 +0200: Memory Usage (698628K) : Executing rule metal2_iprobe_Acute
2026-09-16 14:51:41 +0200: Memory Usage (698628K) : Executing rule metal2_diffprb_Acute
2026-09-16 14:51:41 +0200: Memory Usage (698628K) : Executing rule baspoly_drw_Acute
2026-09-16 14:51:41 +0200: Memory Usage (698628K) : Executing rule baspoly_pin_Acute
2026-09-16 14:51:41 +0200: Memory Usage (698628K) : Executing rule psd_drw_Acute
2026-09-16 14:51:41 +0200: Memory Usage (698628K) : Executing rule nldb_drw_Acute
2026-09-16 14:51:41 +0200: Memory Usage (698628K) : Executing rule via1_drw_Acute
2026-09-16 14:51:42 +0200: Memory Usage (698628K) : Executing rule backmetal1_drw_Acute
2026-09-16 14:51:42 +0200: Memory Usage (698628K) : Executing rule backmetal1_pin_Acute
2026-09-16 14:51:42 +0200: Memory Usage (698628K) : Executing rule backmetal1_mask_Acute
2026-09-16 14:51:42 +0200: Memory Usage (698628K) : Executing rule backmetal1_filler_Acute
2026-09-16 14:51:42 +0200: Memory Usage (698628K) : Executing rule backmetal1_nofill_Acute
2026-09-16 14:51:42 +0200: Memory Usage (698628K) : Executing rule backmetal1_slit_Acute
2026-09-16 14:51:42 +0200: Memory Usage (698628K) : Executing rule backmetal1_opc_Acute
2026-09-16 14:51:42 +0200: Memory Usage (698628K) : Executing rule backmetal1_noqrc_Acute
2026-09-16 14:51:42 +0200: Memory Usage (698628K) : Executing rule backmetal1_res_Acute
2026-09-16 14:51:42 +0200: Memory Usage (698628K) : Executing rule backmetal1_iprobe_Acute
2026-09-16 14:51:42 +0200: Memory Usage (698628K) : Executing rule backmetal1_diffprb_Acute
2026-09-16 14:51:42 +0200: Memory Usage (698628K) : Executing rule backpassiv_drw_Acute
2026-09-16 14:51:42 +0200: Memory Usage (698628K) : Executing rule salblock_drw_Acute
2026-09-16 14:51:42 +0200: Memory Usage (698628K) : Executing rule via2_drw_Acute
2026-09-16 14:51:44 +0200: Memory Usage (699908K) : Executing rule metal3_drw_Acute
2026-09-16 14:51:44 +0200: Memory Usage (697348K) : Executing rule metal3_pin_Acute
2026-09-16 14:51:44 +0200: Memory Usage (697348K) : Executing rule metal3_mask_Acute
2026-09-16 14:51:44 +0200: Memory Usage (697348K) : Executing rule metal3_filler_Acute
2026-09-16 14:51:44 +0200: Memory Usage (697348K) : Executing rule metal3_nofill_Acute
2026-09-16 14:51:44 +0200: Memory Usage (697348K) : Executing rule metal3_slit_Acute
2026-09-16 14:51:45 +0200: Memory Usage (697348K) : Executing rule metal3_opc_Acute
2026-09-16 14:51:45 +0200: Memory Usage (697348K) : Executing rule metal3_noqrc_Acute
2026-09-16 14:51:45 +0200: Memory Usage (697348K) : Executing rule metal3_res_Acute
2026-09-16 14:51:45 +0200: Memory Usage (697348K) : Executing rule metal3_iprobe_Acute
2026-09-16 14:51:45 +0200: Memory Usage (697348K) : Executing rule metal3_diffprb_Acute
2026-09-16 14:51:45 +0200: Memory Usage (697348K) : Executing rule nwell_drw_Acute
2026-09-16 14:51:45 +0200: Memory Usage (697348K) : Executing rule nwell_pin_Acute
2026-09-16 14:51:45 +0200: Memory Usage (697348K) : Executing rule nbulay_drw_Acute
2026-09-16 14:51:45 +0200: Memory Usage (697348K) : Executing rule nbulay_pin_Acute
2026-09-16 14:51:45 +0200: Memory Usage (697348K) : Executing rule nbulay_block_Acute
2026-09-16 14:51:45 +0200: Memory Usage (697348K) : Executing rule pwell_drw_Acute
2026-09-16 14:51:45 +0200: Memory Usage (697348K) : Executing rule pwell_pin_Acute
2026-09-16 14:51:45 +0200: Memory Usage (697348K) : Executing rule pwell_block_Acute
2026-09-16 14:51:45 +0200: Memory Usage (697348K) : Executing rule emwind_drw_Acute
2026-09-16 14:51:45 +0200: Memory Usage (697348K) : Executing rule emwind_opc_Acute
2026-09-16 14:51:45 +0200: Memory Usage (697348K) : Executing rule deepco_drw_Acute
2026-09-16 14:51:45 +0200: Memory Usage (697348K) : Executing rule mim_drw_Acute
2026-09-16 14:51:45 +0200: Memory Usage (697348K) : Executing rule substrate_drw_Acute
2026-09-16 14:51:45 +0200: Memory Usage (697348K) : Executing rule ic_drw_Acute
2026-09-16 14:51:45 +0200: Memory Usage (697348K) : Executing rule via3_drw_Acute
2026-09-16 14:51:46 +0200: Memory Usage (701428K) : Executing rule pldb_drw_Acute
2026-09-16 14:51:46 +0200: Memory Usage (697588K) : Executing rule metal4_drw_Acute
2026-09-16 14:51:46 +0200: Memory Usage (697588K) : Executing rule metal4_pin_Acute
2026-09-16 14:51:46 +0200: Memory Usage (697588K) : Executing rule metal4_mask_Acute
2026-09-16 14:51:46 +0200: Memory Usage (697588K) : Executing rule metal4_filler_Acute
2026-09-16 14:51:47 +0200: Memory Usage (700916K) : Executing rule metal4_nofill_Acute
2026-09-16 14:51:47 +0200: Memory Usage (700916K) : Executing rule metal4_slit_Acute
2026-09-16 14:51:47 +0200: Memory Usage (700916K) : Executing rule metal4_opc_Acute
2026-09-16 14:51:47 +0200: Memory Usage (700916K) : Executing rule metal4_noqrc_Acute
2026-09-16 14:51:47 +0200: Memory Usage (700916K) : Executing rule metal4_res_Acute
2026-09-16 14:51:47 +0200: Memory Usage (700916K) : Executing rule metal4_iprobe_Acute
2026-09-16 14:51:47 +0200: Memory Usage (700916K) : Executing rule metal4_diffprb_Acute
2026-09-16 14:51:47 +0200: Memory Usage (700916K) : Executing rule via4_drw_Acute
2026-09-16 14:51:48 +0200: Memory Usage (705500K) : Executing rule metal5_drw_Acute
2026-09-16 14:51:48 +0200: Memory Usage (705500K) : Executing rule metal5_pin_Acute
2026-09-16 14:51:48 +0200: Memory Usage (705500K) : Executing rule metal5_mask_Acute
2026-09-16 14:51:48 +0200: Memory Usage (705500K) : Executing rule metal5_filler_Acute
2026-09-16 14:51:49 +0200: Memory Usage (705244K) : Executing rule metal5_nofill_Acute
2026-09-16 14:51:49 +0200: Memory Usage (705244K) : Executing rule metal5_slit_Acute
2026-09-16 14:51:49 +0200: Memory Usage (705244K) : Executing rule metal5_opc_Acute
2026-09-16 14:51:49 +0200: Memory Usage (705244K) : Executing rule metal5_noqrc_Acute
2026-09-16 14:51:49 +0200: Memory Usage (705244K) : Executing rule metal5_res_Acute
2026-09-16 14:51:49 +0200: Memory Usage (705244K) : Executing rule metal5_iprobe_Acute
2026-09-16 14:51:49 +0200: Memory Usage (705244K) : Executing rule metal5_diffprb_Acute
2026-09-16 14:51:49 +0200: Memory Usage (705244K) : Executing rule prboundary_drw_Acute
2026-09-16 14:51:49 +0200: Memory Usage (705244K) : Executing rule exchange0_drw_Acute
2026-09-16 14:51:49 +0200: Memory Usage (705244K) : Executing rule exchange0_pin_Acute
2026-09-16 14:51:49 +0200: Memory Usage (705244K) : Executing rule exchange1_drw_Acute
2026-09-16 14:51:49 +0200: Memory Usage (705244K) : Executing rule exchange1_pin_Acute
2026-09-16 14:51:49 +0200: Memory Usage (705244K) : Executing rule exchange2_drw_Acute
2026-09-16 14:51:49 +0200: Memory Usage (705244K) : Executing rule exchange2_pin_Acute
2026-09-16 14:51:49 +0200: Memory Usage (705244K) : Executing rule exchange3_drw_Acute
2026-09-16 14:51:49 +0200: Memory Usage (705244K) : Executing rule exchange3_pin_Acute
2026-09-16 14:51:49 +0200: Memory Usage (705244K) : Executing rule exchange4_drw_Acute
2026-09-16 14:51:49 +0200: Memory Usage (705244K) : Executing rule exchange4_pin_Acute
2026-09-16 14:51:49 +0200: Memory Usage (705244K) : Executing rule isonwell_drw_Acute
2026-09-16 14:51:49 +0200: Memory Usage (705244K) : Executing rule thickgateox_drw_Acute
2026-09-16 14:51:49 +0200: Memory Usage (705244K) : Executing rule pempoly_drw_Acute
2026-09-16 14:51:49 +0200: Memory Usage (705244K) : Executing rule fbe_drw_Acute
2026-09-16 14:51:49 +0200: Memory Usage (705244K) : Executing rule empoly_drw_Acute
2026-09-16 14:51:49 +0200: Memory Usage (705244K) : Executing rule ldmos_drw_Acute
2026-09-16 14:51:49 +0200: Memory Usage (705244K) : Executing rule pbiwind_drw_Acute
2026-09-16 14:51:49 +0200: Memory Usage (705244K) : Executing rule colopen_drw_Acute
2026-09-16 14:51:49 +0200: Memory Usage (703916K) : Executing rule extblock_drw_Acute
2026-09-16 14:51:49 +0200: Memory Usage (703916K) : Executing rule nldd_drw_Acute
2026-09-16 14:51:49 +0200: Memory Usage (703916K) : Executing rule pldd_drw_Acute
2026-09-16 14:51:49 +0200: Memory Usage (703916K) : Executing rule next_drw_Acute
2026-09-16 14:51:49 +0200: Memory Usage (703404K) : Executing rule pext_drw_Acute
2026-09-16 14:51:49 +0200: Memory Usage (703404K) : Executing rule nexthv_drw_Acute
2026-09-16 14:51:49 +0200: Memory Usage (703404K) : Executing rule pexthv_drw_Acute
2026-09-16 14:51:49 +0200: Memory Usage (703404K) : Executing rule graphgate_drw_Acute
2026-09-16 14:51:50 +0200: Memory Usage (703404K) : Executing rule mempad_drw_Acute
2026-09-16 14:51:50 +0200: Memory Usage (703404K) : Executing rule topvia1_drw_Acute
2026-09-16 14:51:50 +0200: Memory Usage (703404K) : Executing rule topmetal1_drw_Acute
2026-09-16 14:51:50 +0200: Memory Usage (703148K) : Executing rule topmetal1_pin_Acute
2026-09-16 14:51:50 +0200: Memory Usage (703148K) : Executing rule topmetal1_mask_Acute
2026-09-16 14:51:50 +0200: Memory Usage (703148K) : Executing rule topmetal1_filler_Acute
2026-09-16 14:51:50 +0200: Memory Usage (703148K) : Executing rule topmetal1_nofill_Acute
2026-09-16 14:51:50 +0200: Memory Usage (703148K) : Executing rule topmetal1_slit_Acute
2026-09-16 14:51:50 +0200: Memory Usage (703148K) : Executing rule topmetal1_noqrc_Acute
2026-09-16 14:51:50 +0200: Memory Usage (703148K) : Executing rule topmetal1_res_Acute
2026-09-16 14:51:50 +0200: Memory Usage (703148K) : Executing rule topmetal1_iprobe_Acute
2026-09-16 14:51:50 +0200: Memory Usage (703148K) : Executing rule topmetal1_diffprb_Acute
2026-09-16 14:51:50 +0200: Memory Usage (703148K) : Executing rule inldpwl_drw_Acute
2026-09-16 14:51:50 +0200: Memory Usage (703148K) : Executing rule polyres_drw_Acute
2026-09-16 14:51:50 +0200: Memory Usage (703148K) : Executing rule polyres_pin_Acute
2026-09-16 14:51:50 +0200: Memory Usage (703148K) : Executing rule vmim_drw_Acute
2026-09-16 14:51:50 +0200: Memory Usage (703148K) : Executing rule nbulaycut_drw_Acute
2026-09-16 14:51:50 +0200: Memory Usage (703148K) : Executing rule antmetal1_drw_Acute
2026-09-16 14:51:50 +0200: Memory Usage (703148K) : Executing rule topvia2_drw_Acute
2026-09-16 14:51:51 +0200: Memory Usage (703148K) : Executing rule topmetal2_drw_Acute
2026-09-16 14:51:51 +0200: Memory Usage (703148K) : Executing rule topmetal2_pin_Acute
2026-09-16 14:51:51 +0200: Memory Usage (702636K) : Executing rule topmetal2_mask_Acute
2026-09-16 14:51:51 +0200: Memory Usage (702636K) : Executing rule topmetal2_filler_Acute
2026-09-16 14:51:51 +0200: Memory Usage (702636K) : Executing rule topmetal2_nofill_Acute
2026-09-16 14:51:51 +0200: Memory Usage (702636K) : Executing rule topmetal2_slit_Acute
2026-09-16 14:51:51 +0200: Memory Usage (702636K) : Executing rule topmetal2_noqrc_Acute
2026-09-16 14:51:51 +0200: Memory Usage (702636K) : Executing rule topmetal2_res_Acute
2026-09-16 14:51:51 +0200: Memory Usage (702636K) : Executing rule topmetal2_iprobe_Acute
2026-09-16 14:51:51 +0200: Memory Usage (702636K) : Executing rule topmetal2_diffprb_Acute
2026-09-16 14:51:51 +0200: Memory Usage (702636K) : Executing rule snsring_drw_Acute
2026-09-16 14:51:51 +0200: Memory Usage (702636K) : Executing rule sensor_drw_Acute
2026-09-16 14:51:51 +0200: Memory Usage (702636K) : Executing rule snsarms_drw_Acute
2026-09-16 14:51:51 +0200: Memory Usage (702636K) : Executing rule snscmosvia_drw_Acute
2026-09-16 14:51:51 +0200: Memory Usage (702636K) : Executing rule colwind_drw_Acute
2026-09-16 14:51:51 +0200: Memory Usage (702636K) : Executing rule flm_drw_Acute
2026-09-16 14:51:51 +0200: Memory Usage (702636K) : Executing rule hafniumox_drw_Acute
2026-09-16 14:51:51 +0200: Memory Usage (702636K) : Executing rule memvia_drw_Acute
2026-09-16 14:51:51 +0200: Memory Usage (702636K) : Executing rule thinfilmres_drw_Acute
2026-09-16 14:51:51 +0200: Memory Usage (702636K) : Executing rule rfmem_drw_Acute
2026-09-16 14:51:51 +0200: Memory Usage (702636K) : Executing rule snsbotvia_drw_Acute
2026-09-16 14:51:51 +0200: Memory Usage (702636K) : Executing rule snstopvia_drw_Acute
2026-09-16 14:51:51 +0200: Memory Usage (702636K) : Executing rule deepvia_drw_Acute
2026-09-16 14:51:51 +0200: Memory Usage (702636K) : Executing rule fgetch_drw_Acute
2026-09-16 14:51:51 +0200: Memory Usage (702636K) : Executing rule ctrgat_drw_Acute
2026-09-16 14:51:51 +0200: Memory Usage (702636K) : Executing rule fgimp_drw_Acute
2026-09-16 14:51:51 +0200: Memory Usage (702636K) : Executing rule emwihv_drw_Acute
2026-09-16 14:51:51 +0200: Memory Usage (702636K) : Executing rule lbe_drw_Acute
2026-09-16 14:51:51 +0200: Memory Usage (702636K) : Executing rule alcustop_drw_Acute
2026-09-16 14:51:51 +0200: Memory Usage (702636K) : Executing rule cont_drw_Angle90
2026-09-16 14:51:52 +0200: Memory Usage (702360K) : Executing rule via1_drw_Angle90
2026-09-16 14:51:53 +0200: Memory Usage (804184K) : Executing rule via2_drw_Angle90
2026-09-16 14:51:55 +0200: Memory Usage (816712K) : Executing rule via3_drw_Angle90
2026-09-16 14:51:57 +0200: Memory Usage (823096K) : Executing rule via4_drw_Angle90
2026-09-16 14:51:59 +0200: Memory Usage (827188K) : Executing rule vmim_drw_Angle90
2026-09-16 14:51:59 +0200: Memory Usage (827188K) : Executing rule topvia1_drw_Angle90
2026-09-16 14:52:00 +0200: Memory Usage (827436K) : Executing rule topvia2_drw_Angle90
2026-09-16 14:52:00 +0200: Memory Usage (827672K) : Executing rule gatpoly_drw_Angle45
2026-09-16 14:52:01 +0200: Memory Usage (827928K) : Executing rule activ_drw_Angle45
2026-09-16 14:52:01 +0200: Memory Usage (827668K) : Executing rule metal1_drw_Angle45
2026-09-16 14:52:01 +0200: Memory Usage (828180K) : Executing rule metal2_drw_Angle45
2026-09-16 14:52:01 +0200: Memory Usage (827912K) : Executing rule metal3_drw_Angle45
2026-09-16 14:52:02 +0200: Memory Usage (827384K) : Executing rule metal4_drw_Angle45
2026-09-16 14:52:02 +0200: Memory Usage (827380K) : Executing rule metal5_drw_Angle45
2026-09-16 14:52:02 +0200: Memory Usage (827880K) : Executing rule topmetal1_drw_Angle45
2026-09-16 14:52:03 +0200: Memory Usage (827608K) : Executing rule topmetal2_drw_Angle45
2026-09-16 14:52:03 +0200: Memory Usage (827344K) : Starting 3.2. FORBIDDEN table
2026-09-16 14:52:03 +0200: Memory Usage (827344K) : Executing rule forbidden.biwind
2026-09-16 14:52:03 +0200: Memory Usage (827344K) : Executing rule forbidden.pemwind
2026-09-16 14:52:03 +0200: Memory Usage (827344K) : Executing rule forbidden.baspoly
2026-09-16 14:52:03 +0200: Memory Usage (827344K) : Executing rule forbidden.deepco
2026-09-16 14:52:03 +0200: Memory Usage (827344K) : Executing rule forbidden.pempoly
2026-09-16 14:52:03 +0200: Memory Usage (827344K) : Executing rule forbidden.empoly
2026-09-16 14:52:03 +0200: Memory Usage (827344K) : Executing rule forbidden.ldmos
2026-09-16 14:52:03 +0200: Memory Usage (827344K) : Executing rule forbidden.pbiwind
2026-09-16 14:52:03 +0200: Memory Usage (827344K) : Executing rule forbidden.nodrc
2026-09-16 14:52:03 +0200: Memory Usage (827344K) : Executing rule forbidden.flash
2026-09-16 14:52:03 +0200: Memory Usage (827344K) : Executing rule forbidden.colwind
2026-09-16 14:52:03 +0200: Memory Usage (827344K) : KLayout DRC run for tables 'main' completed in 54.98 seconds
